Component: ARM Compiler 5.06 update 7 (build 960) Tool: armlink [4d3601]

==============================================================================

Section Cross References

    startup.o(RESET) refers to startup.o(STACK) for StackMem
    startup.o(RESET) refers to osasm.o(.text) for PendSV_Handler
    startup.o(RESET) refers to os.o(i.SysTick_Handler) for SysTick_Handler
    startup.o(RESET) refers to uart0int.o(i.UART0_Handler) for UART0_Handler
    startup.o(RESET) refers to adct0atrigger.o(i.ADC0Seq0_Handler) for ADC0Seq0_Handler
    startup.o(RESET) refers to adct0atrigger.o(i.ADC0Seq3_Handler) for ADC0Seq3_Handler
    startup.o(RESET) refers to inputcapture.o(i.Timer0A_Handler) for Timer0A_Handler
    startup.o(RESET) refers to timer3a.o(i.Timer3A_Handler) for Timer3A_Handler
    startup.o(RESET) refers to periodictimer.o(i.WideTimer0A_Handler) for WideTimer0A_Handler
    startup.o(RESET) refers to periodictimer.o(i.WideTimer1A_Handler) for WideTimer1A_Handler
    startup.o(RESET) refers to periodictimer.o(i.WideTimer2A_Handler) for WideTimer2A_Handler
    startup.o(RESET) refers to periodictimer.o(i.WideTimer3A_Handler) for WideTimer3A_Handler
    startup.o(RESET) refers to periodictimer.o(i.WideTimer4A_Handler) for WideTimer4A_Handler
    startup.o(RESET) refers to periodictimer.o(i.WideTimer5A_Handler) for WideTimer5A_Handler
    startup.o(RESET) refers to entry.o(.ARM.Collect$$$$00000000) for __main
    launchpad.o(i.LaunchPad_WaitForRelease) refers to launchpad.o(i.DelayMs) for DelayMs
    launchpad.o(i.LaunchPad_WaitForTouch) refers to launchpad.o(i.DelayMs) for DelayMs
    os.o(i.OS_AddIdle) refers to startup.o(.text) for StartCritical
    os.o(i.OS_AddIdle) refers to os.o(.bss) for TCB_pool
    os.o(i.OS_AddIdle) refers to os.o(.data) for id
    os.o(i.OS_AddThread) refers to startup.o(.text) for StartCritical
    os.o(i.OS_AddThread) refers to os.o(i.make_space) for make_space
    os.o(i.OS_AddThread) refers to os.o(.bss) for TCB_pool
    os.o(i.OS_AddThread) refers to os.o(.data) for id
    os.o(i.OS_AddThread) refers to grad_lab.o(.data) for schedule
    os.o(i.OS_AliveTCB) refers to os.o(.data) for alive_TCB
    os.o(i.OS_Id) refers to os.o(.data) for RunTCB
    os.o(i.OS_Init) refers to startup.o(.text) for DisableInterrupts
    os.o(i.OS_Init) refers to pll.o(i.PLL_Init) for PLL_Init
    os.o(i.OS_Init) refers to uart0int.o(i.UART_Init) for UART_Init
    os.o(i.OS_Init) refers to os.o(i.SysTick_Init) for SysTick_Init
    os.o(i.OS_Init) refers to edgeinterruptportf.o(i.EdgeCounterPortF_Init) for EdgeCounterPortF_Init
    os.o(i.OS_Init) refers to grad_lab.o(.data) for schedule
    os.o(i.OS_Init) refers to os.o(.data) for next_interval
    os.o(i.OS_InitSemaphore) refers to startup.o(.text) for DisableInterrupts
    os.o(i.OS_Launch) refers to osasm.o(.text) for StartOS
    os.o(i.OS_Launch) refers to grad_lab.o(.data) for schedule
    os.o(i.OS_Launch) refers to os.o(.bss) for TCB_pool
    os.o(i.OS_Suspend) refers to osasm.o(.text) for ContextSwitch
    os.o(i.OS_Time) refers to os.o(.data) for OS_cycles
    os.o(i.OS_do_work) refers to os.o(.data) for RunTCB
    os.o(i.OS_retire) refers to os.o(i.OS_do_work) for OS_do_work
    os.o(i.OS_retire) refers to os.o(.data) for RunTCB
    os.o(i.OS_scheduler) refers to printf6.o(i.__0printf$6) for __2printf
    os.o(i.OS_scheduler) refers to os.o(i.get_urgent_task) for get_urgent_task
    os.o(i.OS_scheduler) refers to rand.o(.text) for rand
    os.o(i.OS_scheduler) refers to os.o(.data) for cur_interval_index
    os.o(i.OS_scheduler) refers to grad_lab.o(.data) for schedule
    os.o(i.OS_scheduler) refers to os.o(.bss) for SleepTCB
    os.o(i.SysTick_Handler) refers to startup.o(.text) for DisableInterrupts
    os.o(i.SysTick_Handler) refers to osasm.o(.text) for ContextSwitch
    os.o(i.SysTick_Handler) refers to os.o(.data) for OS_cycles
    os.o(i.SysTick_Init) refers to startup.o(.text) for StartCritical
    os.o(i.fgetc) refers to uart0int.o(i.UART_InChar) for UART_InChar
    os.o(i.fputc) refers to uart0int.o(i.UART_OutChar) for UART_OutChar
    os.o(i.get_OS_cycles) refers to os.o(.data) for OS_cycles
    os.o(i.get_urgent_task) refers to grad_lab.o(.data) for schedule
    os.o(i.make_space) refers to grad_lab.o(.data) for schedule
    interpreter.o(i.Interpreter) refers to _scanf_str.o(.text) for _scanf_string
    interpreter.o(i.Interpreter) refers to _scanf_int.o(.text) for _scanf_int
    interpreter.o(i.Interpreter) refers to printf6.o(i.__0printf$6) for __2printf
    interpreter.o(i.Interpreter) refers to memseta.o(.text) for __aeabi_memclr4
    interpreter.o(i.Interpreter) refers to __0scanf.o(.text) for __0scanf
    interpreter.o(i.Interpreter) refers to strlen.o(.text) for strlen
    interpreter.o(i.Interpreter) refers to __0sscanf.o(.text) for __0sscanf
    interpreter.o(i.Interpreter) refers to strstr.o(.text) for strstr
    interpreter.o(i.Interpreter) refers to strcmp.o(.text) for strcmp
[...]
    periodictimer.o(i.WideTimer0A_Handler) refers to periodictimer.o(.bss) for periodicDrivers
    periodictimer.o(i.WideTimer0A_Handler) refers to periodictimer.o(.data) for numSamples
    periodictimer.o(i.WideTimer0A_Handler) refers to os.o(.bss) for periodicJitters
    periodictimer.o(i.WideTimer0A_Handler) refers to os.o(.data) for MaxJitter0
    periodictimer.o(i.WideTimer1A_Handler) refers to os.o(i.OS_Time) for OS_Time
    periodictimer.o(i.WideTimer1A_Handler) refers to startup.o(.text) for DisableInterrupts
    periodictimer.o(i.WideTimer1A_Handler) refers to os.o(i.OS_TimeDifference) for OS_TimeDifference
    periodictimer.o(i.WideTimer1A_Handler) refers to periodictimer.o(.bss) for periodicDrivers
    periodictimer.o(i.WideTimer1A_Handler) refers to periodictimer.o(.data) for numSamples
    periodictimer.o(i.WideTimer1A_Handler) refers to os.o(.bss) for periodicJitters
    periodictimer.o(i.WideTimer1A_Handler) refers to os.o(.data) for MaxJitter1
    periodictimer.o(i.WideTimer2A_Handler) refers to periodictimer.o(.bss) for periodicDrivers
    periodictimer.o(i.WideTimer3A_Handler) refers to periodictimer.o(.bss) for periodicDrivers
    periodictimer.o(i.WideTimer4A_Handler) refers to periodictimer.o(.bss) for periodicDrivers
    periodictimer.o(i.WideTimer5A_Handler) refers to periodictimer.o(.bss) for periodicDrivers
    periodictimer.o(i.WideTimer_Init) refers to periodictimer.o(.bss) for periodicDrivers
    periodictimer.o(i.WideTimer_Init) refers to periodictimer.o(.data) for period0
    periodictimer.o(i.WideTimer_Stop) refers to periodictimer.o(.bss) for periodicDrivers
    timer3a.o(i.Timer3A_Handler) refers to timer3a.o(.data) for PeriodicTask3
    timer3a.o(i.Timer3A_Init) refers to timer3a.o(.data) for PeriodicTask3
    timer3a.o(i.Timer3A_Stop) refers to timer3a.o(.data) for running
    grad_lab.o(i.idle_task) refers to printf6.o(i.__0printf$6) for __2printf
    grad_lab.o(i.idle_task) refers to os.o(i.OS_do_work) for OS_do_work
    grad_lab.o(i.main) refers to os.o(i.OS_Init) for OS_Init
    grad_lab.o(i.main) refers to rand.o(.text) for srand
    grad_lab.o(i.main) refers to printf6.o(i.__0printf$6) for __2printf
    grad_lab.o(i.main) refers to os.o(i.OS_AddIdle) for OS_AddIdle
    grad_lab.o(i.main) refers to os.o(i.OS_AddThread) for OS_AddThread
    grad_lab.o(i.main) refers to os.o(i.OS_Launch) for OS_Launch
    grad_lab.o(i.main) refers to grad_lab.o(i.idle_task) for idle_task
    grad_lab.o(i.main) refers to grad_lab.o(i.task1) for task1
    grad_lab.o(i.main) refers to grad_lab.o(i.task2) for task2
    grad_lab.o(i.main) refers to grad_lab.o(i.task3) for task3
    grad_lab.o(i.main) refers to grad_lab.o(i.task4) for task4
    grad_lab.o(i.main) refers to grad_lab.o(i.task5) for task5
    grad_lab.o(i.main) refers to grad_lab.o(i.task6) for task6
    grad_lab.o(i.main) refers to grad_lab.o(i.task7) for task7
    grad_lab.o(i.task1) refers to printf6.o(i.__0printf$6) for __2printf
    grad_lab.o(i.task1) refers to os.o(i.OS_do_work) for OS_do_work
    grad_lab.o(i.task1) refers to os.o(i.OS_retire) for OS_retire
    grad_lab.o(i.task2) refers to printf6.o(i.__0printf$6) for __2printf
    grad_lab.o(i.task2) refers to os.o(i.OS_do_work) for OS_do_work
    grad_lab.o(i.task2) refers to os.o(i.OS_retire) for OS_retire
    grad_lab.o(i.task3) refers to printf6.o(i.__0printf$6) for __2printf
    grad_lab.o(i.task3) refers to os.o(i.OS_do_work) for OS_do_work
    grad_lab.o(i.task3) refers to os.o(i.OS_retire) for OS_retire
    grad_lab.o(i.task4) refers to printf6.o(i.__0printf$6) for __2printf
    grad_lab.o(i.task4) refers to os.o(i.OS_do_work) for OS_do_work
    grad_lab.o(i.task4) refers to os.o(i.OS_retire) for OS_retire
    grad_lab.o(i.task5) refers to printf6.o(i.__0printf$6) for __2printf
    grad_lab.o(i.task5) refers to os.o(i.OS_do_work) for OS_do_work
    grad_lab.o(i.task5) refers to os.o(i.OS_retire) for OS_retire
    grad_lab.o(i.task6) refers to printf6.o(i.__0printf$6) for __2printf
    grad_lab.o(i.task6) refers to os.o(i.OS_do_work) for OS_do_work
    grad_lab.o(i.task6) refers to os.o(i.OS_retire) for OS_retire
    grad_lab.o(i.task7) refers to printf6.o(i.__0printf$6) for __2printf
    grad_lab.o(i.task7) refers to os.o(i.OS_do_work) for OS_do_work
    grad_lab.o(i.task7) refers to os.o(i.OS_retire) for OS_retire
    entry.o(.ARM.Collect$$$$00000000) refers (Special) to entry10a.o(.ARM.Collect$$$$0000000F) for __rt_final_cpp
    entry.o(.ARM.Collect$$$$00000000) refers (Special) to entry11a.o(.ARM.Collect$$$$00000011) for __rt_final_exit
    entry.o(.ARM.Collect$$$$00000000) refers (Special) to entry12b.o(.ARM.Collect$$$$0000000E) for __rt_lib_shutdown_fini
    entry.o(.ARM.Collect$$$$00000000) refers (Special) to entry7b.o(.ARM.Collect$$$$00000008) for _main_clock
    entry.o(.ARM.Collect$$$$00000000) refers (Special) to entry8b.o(.ARM.Collect$$$$0000000A) for _main_cpp_init
    entry.o(.ARM.Collect$$$$00000000) refers (Special) to entry9a.o(.ARM.Collect$$$$0000000B) for _main_init
    entry.o(.ARM.Collect$$$$00000000) refers (Special) to entry5.o(.ARM.Collect$$$$00000004) for _main_scatterload
    entry.o(.ARM.Collect$$$$00000000) refers (Special) to entry2.o(.ARM.Collect$$$$00000001) for _main_stk
    rand.o(.text) refers to rand.o(.data) for .data
    printfb.o(i.__0fprintf$bare) refers to printfb.o(i._printf_core) for _printf_core
    printfb.o(i.__0fprintf$bare) refers to os.o(i.fputc) for fputc
    printfb.o(i.__0printf$bare) refers to printfb.o(i._printf_core) for _printf_core
    printfb.o(i.__0printf$bare) refers to os.o(i.fputc) for fputc
    printfb.o(i.__0printf$bare) refers to stdout.o(.data) for __stdout
    printfb.o(i.__0snprintf$bare) refers to printfb.o(i._printf_core) for _printf_core
    printfb.o(i.__0snprintf$bare) refers to printfb.o(i._snputc) for _snputc
    printfb.o(i.__0sprintf$bare) refers to printfb.o(i._printf_core) for _printf_core
    printfb.o(i.__0sprintf$bare) refers to printfb.o(i._sputc) for _sputc
    printfb.o(i.__0vfprintf$bare) refers to printfb.o(i._printf_core) for _printf_core
    printfb.o(i.__0vfprintf$bare) refers to os.o(i.fputc) for fputc
    printfb.o(i.__0vprintf$bare) refers to printfb.o(i._printf_core) for _printf_core
    printfb.o(i.__0vprintf$bare) refers to os.o(i.fputc) for fputc
    printfb.o(i.__0vprintf$bare) refers to stdout.o(.data) for __stdout
    printfb.o(i.__0vsnprintf$bare) refers to printfb.o(i._printf_core) for _printf_core
    printfb.o(i.__0vsnprintf$bare) refers to printfb.o(i._snputc) for _snputc
    printfb.o(i.__0vsprintf$bare) refers to printfb.o(i._printf_core) for _printf_core
    printfb.o(i.__0vsprintf$bare) refers to printfb.o(i._sputc) for _sputc
    printf0.o(i.__0fprintf$0) refers to printf0.o(i._printf_core) for _printf_core
    printf0.o(i.__0fprintf$0) refers to os.o(i.fputc) for fputc
    printf0.o(i.__0printf$0) refers to printf0.o(i._printf_core) for _printf_core
    printf0.o(i.__0printf$0) refers to os.o(i.fputc) for fputc
    printf0.o(i.__0printf$0) refers to stdout.o(.data) for __stdout
    printf0.o(i.__0snprintf$0) refers to printf0.o(i._printf_core) for _printf_core
    printf0.o(i.__0snprintf$0) refers to printf0.o(i._snputc) for _snputc
    printf0.o(i.__0sprintf$0) refers to printf0.o(i._printf_core) for _printf_core
    printf0.o(i.__0sprintf$0) refers to printf0.o(i._sputc) for _sputc
    printf0.o(i.__0vfprintf$0) refers to printf0.o(i._printf_core) for _printf_core
    printf0.o(i.__0vfprintf$0) refers to os.o(i.fputc) for fputc
    printf0.o(i.__0vprintf$0) refers to printf0.o(i._printf_core) for _printf_core
    printf0.o(i.__0vprintf$0) refers to os.o(i.fputc) for fputc
    printf0.o(i.__0vprintf$0) refers to stdout.o(.data) for __stdout
    printf0.o(i.__0vsnprintf$0) refers to printf0.o(i._printf_core) for _printf_core
    printf0.o(i.__0vsnprintf$0) refers to printf0.o(i._snputc) for _snputc
    printf0.o(i.__0vsprintf$0) refers to printf0.o(i._printf_core) for _printf_core
    printf0.o(i.__0vsprintf$0) refers to printf0.o(i._sputc) for _sputc
    printf1.o(i.__0fprintf$1) refers to printf1.o(i._printf_core) for _printf_core
    printf1.o(i.__0fprintf$1) refers to os.o(i.fputc) for fputc
    printf1.o(i.__0printf$1) refers to printf1.o(i._printf_core) for _printf_core
    printf1.o(i.__0printf$1) refers to os.o(i.fputc) for fputc
    printf1.o(i.__0printf$1) refers to stdout.o(.data) for __stdout
    printf1.o(i.__0snprintf$1) refers to printf1.o(i._printf_core) for _printf_core
    printf1.o(i.__0snprintf$1) refers to printf1.o(i._snputc) for _snputc
    printf1.o(i.__0sprintf$1) refers to printf1.o(i._printf_core) for _printf_core
    printf1.o(i.__0sprintf$1) refers to printf1.o(i._sputc) for _sputc
    printf1.o(i.__0vfprintf$1) refers to printf1.o(i._printf_core) for _printf_core
    printf1.o(i.__0vfprintf$1) refers to os.o(i.fputc) for fputc
    printf1.o(i.__0vprintf$1) refers to printf1.o(i._printf_core) for _printf_core
    printf1.o(i.__0vprintf$1) refers to os.o(i.fputc) for fputc
    printf1.o(i.__0vprintf$1) refers to stdout.o(.data) for __stdout
    printf1.o(i.__0vsnprintf$1) refers to printf1.o(i._printf_core) for _printf_core
    printf1.o(i.__0vsnprintf$1) refers to printf1.o(i._snputc) for _snputc
    printf1.o(i.__0vsprintf$1) refers to printf1.o(i._printf_core) for _printf_core
    printf1.o(i.__0vsprintf$1) refers to printf1.o(i._sputc) for _sputc
    printf1.o(i._printf_core) refers to uidiv.o(.text) for __aeabi_uidivmod
    printf2.o(i.__0fprintf$2) refers to printf2.o(i._printf_core) for _printf_core
    printf2.o(i.__0fprintf$2) refers to os.o(i.fputc) for fputc
    printf2.o(i.__0printf$2) refers to printf2.o(i._printf_core) for _printf_core
    printf2.o(i.__0printf$2) refers to os.o(i.fputc) for fputc
    printf2.o(i.__0printf$2) refers to stdout.o(.data) for __stdout
    printf2.o(i.__0snprintf$2) refers to printf2.o(i._printf_core) for _printf_core
    printf2.o(i.__0snprintf$2) refers to printf2.o(i._snputc) for _snputc
    printf2.o(i.__0sprintf$2) refers to printf2.o(i._printf_core) for _printf_core
    printf2.o(i.__0sprintf$2) refers to printf2.o(i._sputc) for _sputc
    printf2.o(i.__0vfprintf$2) refers to printf2.o(i._printf_core) for _printf_core
    printf2.o(i.__0vfprintf$2) refers to os.o(i.fputc) for fputc
    printf2.o(i.__0vprintf$2) refers to printf2.o(i._printf_core) for _printf_core
    printf2.o(i.__0vprintf$2) refers to os.o(i.fputc) for fputc
    printf2.o(i.__0vprintf$2) refers to stdout.o(.data) for __stdout
    printf2.o(i.__0vsnprintf$2) refers to printf2.o(i._printf_core) for _printf_core
    printf2.o(i.__0vsnprintf$2) refers to printf2.o(i._snputc) for _snputc
    printf2.o(i.__0vsprintf$2) refers to printf2.o(i._printf_core) for _printf_core
    printf2.o(i.__0vsprintf$2) refers to printf2.o(i._sputc) for _sputc
    printf3.o(i.__0fprintf$3) refers to printf3.o(i._printf_core) for _printf_core
    printf3.o(i.__0fprintf$3) refers to os.o(i.fputc) for fputc
    printf3.o(i.__0printf$3) refers to printf3.o(i._printf_core) for _printf_core
    printf3.o(i.__0printf$3) refers to os.o(i.fputc) for fputc
    printf3.o(i.__0printf$3) refers to stdout.o(.data) for __stdout
    printf3.o(i.__0snprintf$3) refers to printf3.o(i._printf_core) for _printf_core
    printf3.o(i.__0snprintf$3) refers to printf3.o(i._snputc) for _snputc
    printf3.o(i.__0sprintf$3) refers to printf3.o(i._printf_core) for _printf_core
    printf3.o(i.__0sprintf$3) refers to printf3.o(i._sputc) for _sputc
    printf3.o(i.__0vfprintf$3) refers to printf3.o(i._printf_core) for _printf_core
    printf3.o(i.__0vfprintf$3) refers to os.o(i.fputc) for fputc
    printf3.o(i.__0vprintf$3) refers to printf3.o(i._printf_core) for _printf_core
    printf3.o(i.__0vprintf$3) refers to os.o(i.fputc) for fputc
    printf3.o(i.__0vprintf$3) refers to stdout.o(.data) for __stdout
    printf3.o(i.__0vsnprintf$3) refers to printf3.o(i._printf_core) for _printf_core
    printf3.o(i.__0vsnprintf$3) refers to printf3.o(i._snputc) for _snputc
    printf3.o(i.__0vsprintf$3) refers to printf3.o(i._printf_core) for _printf_core
    printf3.o(i.__0vsprintf$3) refers to printf3.o(i._sputc) for _sputc
    printf3.o(i._printf_core) refers to uidiv.o(.text) for __aeabi_uidivmod
    printf4.o(i.__0fprintf$4) refers to printf4.o(i._printf_core) for _printf_core
    printf4.o(i.__0fprintf$4) refers to os.o(i.fputc) for fputc
    printf4.o(i.__0printf$4) refers to printf4.o(i._printf_core) for _printf_core
    printf4.o(i.__0printf$4) refers to os.o(i.fputc) for fputc
    printf4.o(i.__0printf$4) refers to stdout.o(.data) for __stdout
    printf4.o(i.__0snprintf$4) refers to printf4.o(i._printf_core) for _printf_core
    printf4.o(i.__0snprintf$4) refers to printf4.o(i._snputc) for _snputc
    printf4.o(i.__0sprintf$4) refers to printf4.o(i._printf_core) for _printf_core
    printf4.o(i.__0sprintf$4) refers to printf4.o(i._sputc) for _sputc
    printf4.o(i.__0vfprintf$4) refers to printf4.o(i._printf_core) for _printf_core
    printf4.o(i.__0vfprintf$4) refers to os.o(i.fputc) for fputc
    printf4.o(i.__0vprintf$4) refers to printf4.o(i._printf_core) for _printf_core
    printf4.o(i.__0vprintf$4) refers to os.o(i.fputc) for fputc
    printf4.o(i.__0vprintf$4) refers to stdout.o(.data) for __stdout
    printf4.o(i.__0vsnprintf$4) refers to printf4.o(i._printf_core) for _printf_core
    printf4.o(i.__0vsnprintf$4) refers to printf4.o(i._snputc) for _snputc
    printf4.o(i.__0vsprintf$4) refers to printf4.o(i._printf_core) for _printf_core
    printf4.o(i.__0vsprintf$4) refers to printf4.o(i._sputc) for _sputc
    printf4.o(i._printf_core) refers to uldiv.o(.text) for __aeabi_uldivmod
    printf5.o(i.__0fprintf$5) refers to printf5.o(i._printf_core) for _printf_core
    printf5.o(i.__0fprintf$5) refers to os.o(i.fputc) for fputc
    printf5.o(i.__0printf$5) refers to printf5.o(i._printf_core) for _printf_core
    printf5.o(i.__0printf$5) refers to os.o(i.fputc) for fputc
    printf5.o(i.__0printf$5) refers to stdout.o(.data) for __stdout
    printf5.o(i.__0snprintf$5) refers to printf5.o(i._printf_core) for _printf_core
    printf5.o(i.__0snprintf$5) refers to printf5.o(i._snputc) for _snputc
    printf5.o(i.__0sprintf$5) refers to printf5.o(i._printf_core) for _printf_core
    printf5.o(i.__0sprintf$5) refers to printf5.o(i._sputc) for _sputc
    printf5.o(i.__0vfprintf$5) refers to printf5.o(i._printf_core) for _printf_core
    printf5.o(i.__0vfprintf$5) refers to os.o(i.fputc) for fputc
    printf5.o(i.__0vprintf$5) refers to printf5.o(i._printf_core) for _printf_core
    printf5.o(i.__0vprintf$5) refers to os.o(i.fputc) for fputc
    printf5.o(i.__0vprintf$5) refers to stdout.o(.data) for __stdout
    printf5.o(i.__0vsnprintf$5) refers to printf5.o(i._printf_core) for _printf_core
    printf5.o(i.__0vsnprintf$5) refers to printf5.o(i._snputc) for _snputc
    printf5.o(i.__0vsprintf$5) refers to printf5.o(i._printf_core) for _printf_core
    printf5.o(i.__0vsprintf$5) refers to printf5.o(i._sputc) for _sputc
    printf5.o(i._printf_core) refers to uldiv.o(.text) for __aeabi_uldivmod
    printf6.o(i.__0fprintf$6) refers to printf6.o(i._printf_core) for _printf_core
    printf6.o(i.__0fprintf$6) refers to os.o(i.fputc) for fputc
    printf6.o(i.__0printf$6) refers to printf6.o(i._printf_core) for _printf_core
    printf6.o(i.__0printf$6) refers to os.o(i.fputc) for fputc
    printf6.o(i.__0printf$6) refers to stdout.o(.data) for __stdout
    printf6.o(i.__0snprintf$6) refers to printf6.o(i._printf_core) for _printf_core
    printf6.o(i.__0snprintf$6) refers to printf6.o(i._snputc) for _snputc
    printf6.o(i.__0sprintf$6) refers to printf6.o(i._printf_core) for _printf_core
    printf6.o(i.__0sprintf$6) refers to printf6.o(i._sputc) for _sputc
    printf6.o(i.__0vfprintf$6) refers to printf6.o(i._printf_core) for _printf_core
    printf6.o(i.__0vfprintf$6) refers to os.o(i.fputc) for fputc
    printf6.o(i.__0vprintf$6) refers to printf6.o(i._printf_core) for _printf_core
    printf6.o(i.__0vprintf$6) refers to os.o(i.fputc) for fputc
    printf6.o(i.__0vprintf$6) refers to stdout.o(.data) for __stdout
    printf6.o(i.__0vsnprintf$6) refers to printf6.o(i._printf_core) for _printf_core
    printf6.o(i.__0vsnprintf$6) refers to printf6.o(i._snputc) for _snputc
    printf6.o(i.__0vsprintf$6) refers to printf6.o(i._printf_core) for _printf_core
    printf6.o(i.__0vsprintf$6) refers to printf6.o(i._sputc) for _sputc
    printf6.o(i._printf_core) refers to printf6.o(i._printf_pre_padding) for _printf_pre_padding
    printf6.o(i._printf_core) refers to uidiv.o(.text) for __aeabi_uidivmod
    printf6.o(i._printf_core) refers to printf6.o(i._printf_post_padding) for _printf_post_padding
    printf7.o(i.__0fprintf$7) refers to printf7.o(i._printf_core) for _printf_core
    printf7.o(i.__0fprintf$7) refers to os.o(i.fputc) for fputc
    printf7.o(i.__0printf$7) refers to printf7.o(i._printf_core) for _printf_core
    printf7.o(i.__0printf$7) refers to os.o(i.fputc) for fputc
    printf7.o(i.__0printf$7) refers to stdout.o(.data) for __stdout
    printf7.o(i.__0snprintf$7) refers to printf7.o(i._printf_core) for _printf_core
    printf7.o(i.__0snprintf$7) refers to printf7.o(i._snputc) for _snputc
    printf7.o(i.__0sprintf$7) refers to printf7.o(i._printf_core) for _printf_core
    printf7.o(i.__0sprintf$7) refers to printf7.o(i._sputc) for _sputc
    printf7.o(i.__0vfprintf$7) refers to printf7.o(i._printf_core) for _printf_core
    printf7.o(i.__0vfprintf$7) refers to os.o(i.fputc) for fputc
    printf7.o(i.__0vprintf$7) refers to printf7.o(i._printf_core) for _printf_core
    printf7.o(i.__0vprintf$7) refers to os.o(i.fputc) for fputc
    printf7.o(i.__0vprintf$7) refers to stdout.o(.data) for __stdout
    printf7.o(i.__0vsnprintf$7) refers to printf7.o(i._printf_core) for _printf_core
    printf7.o(i.__0vsnprintf$7) refers to printf7.o(i._snputc) for _snputc
    printf7.o(i.__0vsprintf$7) refers to printf7.o(i._printf_core) for _printf_core
    printf7.o(i.__0vsprintf$7) refers to printf7.o(i._sputc) for _sputc
    printf7.o(i._printf_core) refers to printf7.o(i._printf_pre_padding) for _printf_pre_padding
    printf7.o(i._printf_core) refers to uldiv.o(.text) for __aeabi_uldivmod
    printf7.o(i._printf_core) refers to printf7.o(i._printf_post_padding) for _printf_post_padding
    printf8.o(i.__0fprintf$8) refers to printf8.o(i._printf_core) for _printf_core
    printf8.o(i.__0fprintf$8) refers to os.o(i.fputc) for fputc
    printf8.o(i.__0printf$8) refers to printf8.o(i._printf_core) for _printf_core
    printf8.o(i.__0printf$8) refers to os.o(i.fputc) for fputc
    printf8.o(i.__0printf$8) refers to stdout.o(.data) for __stdout
    printf8.o(i.__0snprintf$8) refers to printf8.o(i._printf_core) for _printf_core
    printf8.o(i.__0snprintf$8) refers to printf8.o(i._snputc) for _snputc
    printf8.o(i.__0sprintf$8) refers to printf8.o(i._printf_core) for _printf_core
    printf8.o(i.__0sprintf$8) refers to printf8.o(i._sputc) for _sputc
    printf8.o(i.__0vfprintf$8) refers to printf8.o(i._printf_core) for _printf_core
    printf8.o(i.__0vfprintf$8) refers to os.o(i.fputc) for fputc
    printf8.o(i.__0vprintf$8) refers to printf8.o(i._printf_core) for _printf_core
    printf8.o(i.__0vprintf$8) refers to os.o(i.fputc) for fputc
    printf8.o(i.__0vprintf$8) refers to stdout.o(.data) for __stdout
    printf8.o(i.__0vsnprintf$8) refers to printf8.o(i._printf_core) for _printf_core
    printf8.o(i.__0vsnprintf$8) refers to printf8.o(i._snputc) for _snputc
    printf8.o(i.__0vsprintf$8) refers to printf8.o(i._printf_core) for _printf_core
    printf8.o(i.__0vsprintf$8) refers to printf8.o(i._sputc) for _sputc
    printf8.o(i._printf_core) refers to printf8.o(i._printf_pre_padding) for _printf_pre_padding
    printf8.o(i._printf_core) refers to uldiv.o(.text) for __aeabi_uldivmod
    printf8.o(i._printf_core) refers to printf8.o(i._printf_post_padding) for _printf_post_padding
    printfa.o(i.__0fprintf) refers (Special) to iusefp.o(.text) for __I$use$fp
    printfa.o(i.__0fprintf) refers to printfa.o(i._printf_core) for _printf_core
    printfa.o(i.__0fprintf) refers to os.o(i.fputc) for fputc
    printfa.o(i.__0printf) refers (Special) to iusefp.o(.text) for __I$use$fp
    printfa.o(i.__0printf) refers to printfa.o(i._printf_core) for _printf_core
    printfa.o(i.__0printf) refers to os.o(i.fputc) for fputc
    printfa.o(i.__0printf) refers to stdout.o(.data) for __stdout
    printfa.o(i.__0snprintf) refers (Special) to iusefp.o(.text) for __I$use$fp
    printfa.o(i.__0snprintf) refers to printfa.o(i._printf_core) for _printf_core
    printfa.o(i.__0snprintf) refers to printfa.o(i._snputc) for _snputc
    printfa.o(i.__0sprintf) refers (Special) to iusefp.o(.text) for __I$use$fp
    printfa.o(i.__0sprintf) refers to printfa.o(i._printf_core) for _printf_core
    printfa.o(i.__0sprintf) refers to printfa.o(i._sputc) for _sputc
    printfa.o(i.__0vfprintf) refers (Special) to iusefp.o(.text) for __I$use$fp
    printfa.o(i.__0vfprintf) refers to printfa.o(i._printf_core) for _printf_core
    printfa.o(i.__0vfprintf) refers to os.o(i.fputc) for fputc
    printfa.o(i.__0vprintf) refers (Special) to iusefp.o(.text) for __I$use$fp
    printfa.o(i.__0vprintf) refers to printfa.o(i._printf_core) for _printf_core
    printfa.o(i.__0vprintf) refers to os.o(i.fputc) for fputc
    printfa.o(i.__0vprintf) refers to stdout.o(.data) for __stdout
    printfa.o(i.__0vsnprintf) refers (Special) to iusefp.o(.text) for __I$use$fp
    printfa.o(i.__0vsnprintf) refers to printfa.o(i._printf_core) for _printf_core
    printfa.o(i.__0vsnprintf) refers to printfa.o(i._snputc) for _snputc
    printfa.o(i.__0vsprintf) refers (Special) to iusefp.o(.text) for __I$use$fp
    printfa.o(i.__0vsprintf) refers to printfa.o(i._printf_core) for _printf_core
    printfa.o(i.__0vsprintf) refers to printfa.o(i._sputc) for _sputc
    printfa.o(i._fp_digits) refers (Special) to iusefp.o(.text) for __I$use$fp
    printfa.o(i._fp_digits) refers to dmul.o(.text) for __aeabi_dmul
    printfa.o(i._fp_digits) refers to ddiv.o(.text) for __aeabi_ddiv
    printfa.o(i._fp_digits) refers to cdrcmple.o(.text) for __aeabi_cdrcmple
    printfa.o(i._fp_digits) refers to dadd.o(.text) for __aeabi_dadd
    printfa.o(i._fp_digits) refers to dfixul.o(.text) for __aeabi_d2ulz
    printfa.o(i._fp_digits) refers to uldiv.o(.text) for __aeabi_uldivmod
    printfa.o(i._printf_core) refers (Special) to iusefp.o(.text) for __I$use$fp
    printfa.o(i._printf_core) refers to printfa.o(i._printf_pre_padding) for _printf_pre_padding
    printfa.o(i._printf_core) refers to uldiv.o(.text) for __aeabi_uldivmod
    printfa.o(i._printf_core) refers to printfa.o(i._printf_post_padding) for _printf_post_padding
    printfa.o(i._printf_core) refers to printfa.o(i._fp_digits) for _fp_digits
    printfa.o(i._printf_core) refers to uidiv.o(.text) for __aeabi_uidivmod
    printfa.o(i._printf_post_padding) refers (Special) to iusefp.o(.text) for __I$use$fp
    printfa.o(i._printf_pre_padding) refers (Special) to iusefp.o(.text) for __I$use$fp
    printfa.o(i._snputc) refers (Special) to iusefp.o(.text) for __I$use$fp
    printfa.o(i._sputc) refers (Special) to iusefp.o(.text) for __I$use$fp
    __0scanf.o(.text) refers to scanf_char_file.o(.text) for __vfscanf_char_file
    __0scanf.o(.text) refers to stdin.o(.data) for __stdin
    __0sscanf.o(.text) refers to scanf_char.o(.text) for __vfscanf_char
    __0sscanf.o(.text) refers to _sgetc.o(.text) for _sgetc
    _scanf_int.o(.text) refers to _chval.o(.text) for _chval
    entry2.o(.ARM.Collect$$$$00000001) refers to entry2.o(.ARM.Collect$$$$00002712) for __lit__00000000
    entry2.o(.ARM.Collect$$$$00002712) refers to startup.o(STACK) for __initial_sp
    entry2.o(__vectab_stack_and_reset_area) refers to startup.o(STACK) for __initial_sp
    entry2.o(__vectab_stack_and_reset_area) refers to entry.o(.ARM.Collect$$$$00000000) for __main
    entry5.o(.ARM.Collect$$$$00000004) refers to init.o(.text) for __scatterload
    entry9a.o(.ARM.Collect$$$$0000000B) refers to grad_lab.o(i.main) for main
    entry9b.o(.ARM.Collect$$$$0000000C) refers to grad_lab.o(i.main) for main
    uldiv.o(.text) refers to llushr.o(.text) for __aeabi_llsr
    uldiv.o(.text) refers to llshl.o(.text) for __aeabi_llsl
    scanf_char.o(.text) refers to _scanf.o(.text) for __vfscanf
    scanf_char.o(.text) refers to isspace_c.o(.text) for isspace
    scanf_char_file.o(.text) refers to scanf_char.o(.text) for __vfscanf_char
    scanf_char_file.o(.text) refers to os.o(i.fgetc) for fgetc
    scanf_char_file.o(.text) refers to fgetc_b.o(.text) for __backspace
    dadd.o(.text) refers to llshl.o(.text) for __aeabi_llsl
    dadd.o(.text) refers to llsshr.o(.text) for __aeabi_lasr
    dadd.o(.text) refers to depilogue.o(.text) for _double_epilogue
    dmul.o(.text) refers to depilogue.o(.text) for _double_epilogue
    ddiv.o(.text) refers to depilogue.o(.text) for _double_round
    dfixul.o(.text) refers to llushr.o(.text) for __aeabi_llsr
    dfixul.o(.text) refers to llshl.o(.text) for __aeabi_llsl
    init.o(.text) refers to entry5.o(.ARM.Collect$$$$00000004) for __main_after_scatterload
    fgetc_b.o(.text) refers (Special) to iusesemig.o(.text) for __I$use$semihosting$fgetc
    fgetc_b.o(.text) refers (Special) to semi.o(.text) for __semihosting_library_function
    fgetc_b.o(.text) refers to fgetc_b.o(.data) for .data
    fgetc_b.o(.data) refers (Special) to iusesemig.o(.text) for __I$use$semihosting$fgetc
    fgetc_b.o(.data) refers (Special) to semi.o(.text) for __semihosting_library_function
    isspace_c.o(.text) refers to ctype_c.o(.text) for __ctype_lookup
    _scanf.o(.text) refers (Weak) to _scanf_int.o(.text) for _scanf_int
    _scanf.o(.text) refers (Weak) to _scanf_str.o(.text) for _scanf_string
    depilogue.o(.text) refers to llshl.o(.text) for __aeabi_llsl
    depilogue.o(.text) refers to llushr.o(.text) for __aeabi_llsr
    ctype_c.o(.text) refers to ctype_c.o(.constdata) for .constdata


==============================================================================

Removing Unused input sections from the image.

    Removing startup.o(HEAP), (0 bytes).
    Removing launchpad.o(i.DelayMs), (32 bytes).
    Removing launchpad.o(i.LaunchPad_Init), (92 bytes).
    Removing launchpad.o(i.LaunchPad_Input), (24 bytes).
    Removing launchpad.o(i.LaunchPad_Output), (12 bytes).
    Removing launchpad.o(i.LaunchPad_WaitForRelease), (56 bytes).
    Removing launchpad.o(i.LaunchPad_WaitForTouch), (32 bytes).
    Removing os.o(i.OS_AliveTCB), (12 bytes).
    Removing os.o(i.OS_Id), (12 bytes).
    Removing os.o(i.OS_InitSemaphore), (22 bytes).
    Removing os.o(i.OS_Suspend), (8 bytes).
    Removing os.o(i.fgetc), (10 bytes).
    Removing os.o(i.get_OS_cycles), (12 bytes).
    Removing os.o(.constdata), (10 bytes).
    Removing interpreter.o(i.Interpreter), (1772 bytes).
    Removing interpreter.o(i.Jitter), (2 bytes).
    Removing interpreter.o(i.isNum), (32 bytes).
    Removing interpreter.o(i.measureJitter), (68 bytes).
    Removing interpreter.o(.constdata), (4 bytes).
    Removing interpreter.o(.conststring), (800 bytes).
    Removing interpreter.o(.data), (8 bytes).
    Removing uart0int.o(i.Fixed_Fix2Str), (252 bytes).
    Removing uart0int.o(i.RxFifo_Get), (60 bytes).
    Removing uart0int.o(i.UART_Fix2), (20 bytes).
    Removing uart0int.o(i.UART_InChar), (20 bytes).
    Removing uart0int.o(i.UART_InCharNonBlock), (20 bytes).
    Removing uart0int.o(i.UART_InString), (70 bytes).
    Removing uart0int.o(i.UART_InUDec), (76 bytes).
    Removing uart0int.o(i.UART_InUHex), (108 bytes).
    Removing uart0int.o(i.UART_OutCharNonBlock), (52 bytes).
    Removing uart0int.o(i.UART_OutSDec), (24 bytes).
    Removing uart0int.o(i.UART_OutString), (24 bytes).
    Removing uart0int.o(i.UART_OutUDec), (42 bytes).
    Removing uart0int.o(i.UART_OutUHex), (52 bytes).
    Removing edisk.o(i.CS_Init), (140 bytes).
    Removing edisk.o(i.SSI0_Init), (332 bytes).
    Removing edisk.o(i.deselect), (20 bytes).
    Removing edisk.o(i.disk_ioctl), (552 bytes).
    Removing edisk.o(i.disk_timerproc), (64 bytes).
    Removing edisk.o(i.eDisk_Init), (348 bytes).
    Removing edisk.o(i.eDisk_Read), (144 bytes).
    Removing edisk.o(i.eDisk_ReadBlock), (20 bytes).
    Removing edisk.o(i.eDisk_Status), (20 bytes).
    Removing edisk.o(i.eDisk_Write), (180 bytes).
    Removing edisk.o(i.eDisk_WriteBlock), (20 bytes).
    Removing edisk.o(i.init_spi), (40 bytes).
    Removing edisk.o(i.rcvr_datablock), (72 bytes).
    Removing edisk.o(i.rcvr_spi), (48 bytes).
    Removing edisk.o(i.rcvr_spi_multi), (24 bytes).
    Removing edisk.o(i.select), (48 bytes).
    Removing edisk.o(i.send_cmd), (150 bytes).
    Removing edisk.o(i.wait_ready), (48 bytes).
    Removing edisk.o(i.xchg_spi), (56 bytes).
    Removing edisk.o(i.xmit_datablock), (76 bytes).
    Removing edisk.o(i.xmit_spi_multi), (48 bytes).
    Removing edisk.o(.data), (13 bytes).
    Removing efile.o(i.eFile_Create), (36 bytes).
    Removing efile.o(i.eFile_DClose), (32 bytes).
    Removing efile.o(i.eFile_DOpen), (36 bytes).
    Removing efile.o(i.eFile_Delete), (28 bytes).
    Removing efile.o(i.eFile_DirNext), (72 bytes).
    Removing efile.o(i.eFile_Format), (4 bytes).
    Removing efile.o(i.eFile_Init), (4 bytes).
    Removing efile.o(i.eFile_Mount), (40 bytes).
    Removing efile.o(i.eFile_RClose), (32 bytes).
    Removing efile.o(i.eFile_ROpen), (36 bytes).
    Removing efile.o(i.eFile_ReadNext), (52 bytes).
    Removing efile.o(i.eFile_Unmount), (36 bytes).
    Removing efile.o(i.eFile_WClose), (32 bytes).
    Removing efile.o(i.eFile_WOpen), (36 bytes).
    Removing efile.o(i.eFile_Write), (52 bytes).
    Removing efile.o(i.log_FRESULT), (64 bytes).
    Removing efile.o(.bss), (1164 bytes).
    Removing ff.o(i.check_fs), (144 bytes).
    Removing ff.o(i.chk_chr), (24 bytes).
    Removing ff.o(i.clust2sect), (26 bytes).
    Removing ff.o(i.create_chain), (214 bytes).
    Removing ff.o(i.create_name), (436 bytes).
    Removing ff.o(i.dir_alloc), (92 bytes).
    Removing ff.o(i.dir_find), (92 bytes).
    Removing ff.o(i.dir_next), (272 bytes).
    Removing ff.o(i.dir_read), (112 bytes).
    Removing ff.o(i.dir_register), (58 bytes).
    Removing ff.o(i.dir_remove), (54 bytes).
    Removing ff.o(i.dir_sdi), (158 bytes).
    Removing ff.o(i.f_chdir), (84 bytes).
    Removing ff.o(i.f_chmod), (96 bytes).
    Removing ff.o(i.f_close), (32 bytes).
    Removing ff.o(i.f_closedir), (22 bytes).
    Removing ff.o(i.f_getcwd), (274 bytes).
    Removing ff.o(i.f_getfree), (258 bytes).
    Removing ff.o(i.f_getlabel), (190 bytes).
    Removing ff.o(i.f_lseek), (382 bytes).
    Removing ff.o(i.f_mkdir), (364 bytes).
    Removing ff.o(i.f_mkfs), (1608 bytes).
    Removing ff.o(i.f_mount), (92 bytes).
    Removing ff.o(i.f_open), (356 bytes).
    Removing ff.o(i.f_opendir), (110 bytes).
    Removing ff.o(i.f_read), (416 bytes).
    Removing ff.o(i.f_readdir), (88 bytes).
    Removing ff.o(i.f_rename), (270 bytes).
    Removing ff.o(i.f_setlabel), (488 bytes).
    Removing ff.o(i.f_stat), (60 bytes).
    Removing ff.o(i.f_sync), (176 bytes).
    Removing ff.o(i.f_truncate), (184 bytes).
    Removing ff.o(i.f_unlink), (190 bytes).
    Removing ff.o(i.f_utime), (98 bytes).
    Removing ff.o(i.f_write), (472 bytes).
    Removing ff.o(i.find_volume), (908 bytes).
    Removing ff.o(i.follow_path), (176 bytes).
    Removing ff.o(i.get_fat), (242 bytes).
    Removing ff.o(i.get_fileinfo), (116 bytes).
    Removing ff.o(i.get_ldnumber), (74 bytes).
    Removing ff.o(i.ld_clust), (32 bytes).
    Removing ff.o(i.mem_cmp), (38 bytes).
    Removing ff.o(i.mem_cpy), (26 bytes).
    Removing ff.o(i.mem_set), (20 bytes).
    Removing ff.o(i.move_window), (52 bytes).
    Removing ff.o(i.put_fat), (322 bytes).
    Removing ff.o(i.remove_chain), (108 bytes).
    Removing ff.o(i.st_clust), (16 bytes).
    Removing ff.o(i.sync_fs), (200 bytes).
    Removing ff.o(i.sync_window), (82 bytes).
    Removing ff.o(i.validate), (54 bytes).
    Removing ff.o(.constdata), (44 bytes).
    Removing ff.o(.data), (6 bytes).
    Removing adct0atrigger.o(i.ADC0_InitTimer0ATriggerSeq0), (1120 bytes).
    Removing adct0atrigger.o(i.ADC0_InitTimer0ATriggerSeq3PD3), (296 bytes).
    Removing adct0atrigger.o(i.dummyADC), (2 bytes).
    Removing adcswtrigger.o(i.ADC0_InSeq2), (80 bytes).
    Removing adcswtrigger.o(i.ADC0_InSeq3), (44 bytes).
    Removing adcswtrigger.o(i.ADC0_InSeq3_InternalTemperature), (64 bytes).
    Removing adcswtrigger.o(i.ADC0_InitSWTriggerSeq2), (224 bytes).
    Removing adcswtrigger.o(i.ADC0_InitSWTriggerSeq3), (1016 bytes).
    Removing adcswtrigger.o(i.ADC0_InitSWTriggerSeq3_Ch7), (248 bytes).
    Removing adcswtrigger.o(i.ADC0_InitSWTriggerSeq3_Ch9), (248 bytes).
    Removing adcswtrigger.o(i.ADC0_InitSWTriggerSeq3_InternalTemperature), (128 bytes).
    Removing adcswtrigger.o(i.ADC_In3210), (80 bytes).
    Removing adcswtrigger.o(i.ADC_In89), (56 bytes).
    Removing adcswtrigger.o(i.ADC_Init3210), (248 bytes).
    Removing adcswtrigger.o(i.ADC_Init89), (220 bytes).
    Removing adcswtrigger.o(.data), (4 bytes).
    Removing adc.o(i.ADC_In), (8 bytes).
    Removing adc.o(i.ADC_Init), (22 bytes).
    Removing lpf.o(i.Filter), (200 bytes).
    Removing lpf.o(i.LPF_Calc), (92 bytes).
    Removing lpf.o(i.LPF_Calc2), (92 bytes).
    Removing lpf.o(i.LPF_Calc3), (92 bytes).
    Removing lpf.o(i.LPF_Calc4), (92 bytes).
    Removing lpf.o(i.LPF_Calc5), (92 bytes).
    Removing lpf.o(i.LPF_Calc6), (92 bytes).
    Removing lpf.o(i.LPF_Calc7), (92 bytes).
    Removing lpf.o(i.LPF_Init), (72 bytes).
    Removing lpf.o(i.LPF_Init2), (72 bytes).
    Removing lpf.o(i.LPF_Init3), (72 bytes).
    Removing lpf.o(i.LPF_Init4), (72 bytes).
    Removing lpf.o(i.LPF_Init5), (72 bytes).
    Removing lpf.o(i.LPF_Init6), (72 bytes).
    Removing lpf.o(i.LPF_Init7), (72 bytes).
    Removing lpf.o(i.Median), (128 bytes).
    Removing lpf.o(i.Noise), (136 bytes).
    Removing lpf.o(i.Noise2), (136 bytes).
    Removing lpf.o(i.Noise3), (136 bytes).
    Removing lpf.o(i.Noise4), (136 bytes).
    Removing lpf.o(i.Noise5), (136 bytes).
    Removing lpf.o(i.Noise6), (136 bytes).
    Removing lpf.o(i.Noise7), (136 bytes).
    Removing lpf.o(i.sqrt2), (32 bytes).
    Removing lpf.o(.bss), (496 bytes).
    Removing lpf.o(.data), (156 bytes).
    Removing irdistance.o(i.IRDistance_Convert), (64 bytes).
    Removing irdistance.o(.constdata), (64 bytes).
    Removing heap.o(i.Heap_Calloc), (30 bytes).
    Removing heap.o(i.Heap_Free), (244 bytes).
    Removing heap.o(i.Heap_Init), (32 bytes).
    Removing heap.o(i.Heap_Malloc), (196 bytes).
    Removing heap.o(i.Heap_Realloc), (118 bytes).
    Removing heap.o(i.Heap_Stats), (120 bytes).
    Removing heap.o(i.get_header_from_pointer), (10 bytes).
    Removing heap.o(i.get_pointer_from_header), (6 bytes).
    Removing heap.o(.bss), (512 bytes).
    Removing heap.o(.constdata), (8 bytes).
    Removing inputcapture.o(i.TimerCapture_Init), (248 bytes).
    Removing periodictimer.o(i.WideTimer_Init), (520 bytes).
    Removing periodictimer.o(i.WideTimer_Stop), (196 bytes).
    Removing timer3a.o(i.Timer3A_Init), (104 bytes).
    Removing timer3a.o(i.Timer3A_Stop), (36 bytes).
    Removing edgecount.o(i.EdgeCount_Init), (192 bytes).
    Removing edgecount.o(i.EdgeCount_Result), (12 bytes).
    Removing atomic.o(.text), (40 bytes).
    Removing dadd.o(.text), (334 bytes).
    Removing dmul.o(.text), (228 bytes).
    Removing ddiv.o(.text), (222 bytes).
    Removing dfixul.o(.text), (48 bytes).
    Removing cdrcmple.o(.text), (48 bytes).
    Removing depilogue.o(.text), (186 bytes).

196 unused section(s) (total 29605 bytes) removed from the image.

==============================================================================

Image Symbol Table

    Local Symbols

    Symbol Name                              Value     Ov Type        Size  Object(Section)

    RESET                                    0x00000000   Section      644  startup.o(RESET)
    ../clib/../cmprslib/zerorunl2.c          0x00000000   Number         0  __dczerorl2.o ABSOLUTE
    ../clib/microlib/ctype/ctype.c           0x00000000   Number         0  ctype_c.o ABSOLUTE
    ../clib/microlib/ctype/ctype.c           0x00000000   Number         0  isspace_c.o ABSOLUTE
    ../clib/microlib/division.c              0x00000000   Number         0  uldiv.o ABSOLUTE
    ../clib/microlib/division.c              0x00000000   Number         0  uidiv.o ABSOLUTE
    ../clib/microlib/init/entry.s            0x00000000   Number         0  entry2.o ABSOLUTE
    ../clib/microlib/init/entry.s            0x00000000   Number         0  entry5.o ABSOLUTE
    ../clib/microlib/init/entry.s            0x00000000   Number         0  entry8b.o ABSOLUTE
    ../clib/microlib/init/entry.s            0x00000000   Number         0  entry8a.o ABSOLUTE
    ../clib/microlib/init/entry.s            0x00000000   Number         0  entry10a.o ABSOLUTE
    ../clib/microlib/init/entry.s            0x00000000   Number         0  entry7b.o ABSOLUTE
    ../clib/microlib/init/entry.s            0x00000000   Number         0  entry7a.o ABSOLUTE
    ../clib/microlib/init/entry.s            0x00000000   Number         0  entry12b.o ABSOLUTE
    ../clib/microlib/init/entry.s            0x00000000   Number         0  entry12a.o ABSOLUTE
    ../clib/microlib/init/entry.s            0x00000000   Number         0  entry11b.o ABSOLUTE
    ../clib/microlib/init/entry.s            0x00000000   Number         0  entry.o ABSOLUTE
    ../clib/microlib/init/entry.s            0x00000000   Number         0  entry11a.o ABSOLUTE
    ../clib/microlib/init/entry.s            0x00000000   Number         0  entry10b.o ABSOLUTE
    ../clib/microlib/init/entry.s            0x00000000   Number         0  entry9b.o ABSOLUTE
    ../clib/microlib/init/entry.s            0x00000000   Number         0  entry9a.o ABSOLUTE
    ../clib/microlib/longlong.c              0x00000000   Number         0  llsshr.o ABSOLUTE
    ../clib/microlib/longlong.c              0x00000000   Number         0  llushr.o ABSOLUTE
    ../clib/microlib/longlong.c              0x00000000   Number         0  llshl.o ABSOLUTE
    ../clib/microlib/printf/printf.c         0x00000000   Number         0  printf5.o ABSOLUTE
    ../clib/microlib/printf/printf.c         0x00000000   Number         0  printfb.o ABSOLUTE
    ../clib/microlib/printf/printf.c         0x00000000   Number         0  printf4.o ABSOLUTE
    ../clib/microlib/printf/printf.c         0x00000000   Number         0  printf0.o ABSOLUTE
    ../clib/microlib/printf/printf.c         0x00000000   Number         0  printf1.o ABSOLUTE
    ../clib/microlib/printf/printf.c         0x00000000   Number         0  printf2.o ABSOLUTE
    ../clib/microlib/printf/printf.c         0x00000000   Number         0  printf3.o ABSOLUTE
    ../clib/microlib/printf/printf.c         0x00000000   Number         0  printfa.o ABSOLUTE
    ../clib/microlib/printf/printf.c         0x00000000   Number         0  printf8.o ABSOLUTE
    ../clib/microlib/printf/printf.c         0x00000000   Number         0  printf7.o ABSOLUTE
    ../clib/microlib/printf/printf.c         0x00000000   Number         0  printf6.o ABSOLUTE
    ../clib/microlib/printf/stubs.s          0x00000000   Number         0  stubs.o ABSOLUTE
    ../clib/microlib/stdio/fgetc.c           0x00000000   Number         0  fgetc_b.o ABSOLUTE
    ../clib/microlib/stdio/semi.s            0x00000000   Number         0  semi.o ABSOLUTE
    ../clib/microlib/stdio/streams.c         0x00000000   Number         0  stdout.o ABSOLUTE
    ../clib/microlib/stdio/streams.c         0x00000000   Number         0  stdin.o ABSOLUTE
    ../clib/microlib/stdlib/rand.c           0x00000000   Number         0  rand.o ABSOLUTE
    ../clib/microlib/string/memcpy.c         0x00000000   Number         0  memcpya.o ABSOLUTE
    ../clib/microlib/string/memcpy.c         0x00000000   Number         0  memcpyb.o ABSOLUTE
    ../clib/microlib/string/memset.c         0x00000000   Number         0  memseta.o ABSOLUTE
    ../clib/microlib/string/strcmp.c         0x00000000   Number         0  strcmp.o ABSOLUTE
    ../clib/microlib/string/strcpy.c         0x00000000   Number         0  strcpy.o ABSOLUTE
    ../clib/microlib/string/strlen.c         0x00000000   Number         0  strlen.o ABSOLUTE
    ../clib/microlib/string/strstr.c         0x00000000   Number         0  strstr.o ABSOLUTE
    ../clib/microlib/stubs.s                 0x00000000   Number         0  iusesemig.o ABSOLUTE
    ../clib/microlib/stubs.s                 0x00000000   Number         0  iusefp.o ABSOLUTE
    ../clib/scanf.c                          0x00000000   Number         0  scanf_char_file.o ABSOLUTE
    ../clib/scanf.c                          0x00000000   Number         0  _sgetc.o ABSOLUTE
    ../clib/scanf.c                          0x00000000   Number         0  _chval.o ABSOLUTE
    ../clib/scanf.c                          0x00000000   Number         0  __0scanf.o ABSOLUTE
    ../clib/scanf.c                          0x00000000   Number         0  scanf_char.o ABSOLUTE
    ../clib/scanf.c                          0x00000000   Number         0  __0sscanf.o ABSOLUTE
    ../clib/scanf.c                          0x00000000   Number         0  _scanf.o ABSOLUTE
    ../clib/scanf.c                          0x00000000   Number         0  _scanf_str.o ABSOLUTE
    ../clib/scanf.c                          0x00000000   Number         0  _scanf_int.o ABSOLUTE
    ../fplib/microlib/fpadd.c                0x00000000   Number         0  dadd.o ABSOLUTE
    ../fplib/microlib/fpdiv.c                0x00000000   Number         0  ddiv.o ABSOLUTE
    ../fplib/microlib/fpepilogue.c           0x00000000   Number         0  depilogue.o ABSOLUTE
    ../fplib/microlib/fpfix.c                0x00000000   Number         0  dfixul.o ABSOLUTE
    ../fplib/microlib/fpmul.c                0x00000000   Number         0  dmul.o ABSOLUTE
    ..\RTOS_Labs_common\ADC.c                0x00000000   Number         0  adc.o ABSOLUTE
    ..\RTOS_Labs_common\Interpreter.c        0x00000000   Number         0  interpreter.o ABSOLUTE
    ..\RTOS_Labs_common\OS.c                 0x00000000   Number         0  os.o ABSOLUTE
    ..\RTOS_Labs_common\UART0int.c           0x00000000   Number         0  uart0int.o ABSOLUTE
    ..\RTOS_Labs_common\atomic.s             0x00000000   Number         0  atomic.o ABSOLUTE
    ..\RTOS_Labs_common\eDisk.c              0x00000000   Number         0  edisk.o ABSOLUTE
    ..\RTOS_Labs_common\heap.c               0x00000000   Number         0  heap.o ABSOLUTE
    ..\RTOS_Labs_common\osasm.s              0x00000000   Number         0  osasm.o ABSOLUTE
    ..\inc\ADCSWTrigger.c                    0x00000000   Number         0  adcswtrigger.o ABSOLUTE
    ..\inc\ADCT0ATrigger.c                   0x00000000   Number         0  adct0atrigger.o ABSOLUTE
    ..\inc\EdgeCount.c                       0x00000000   Number         0  edgecount.o ABSOLUTE
    ..\inc\EdgeInterruptPortF.c              0x00000000   Number         0  edgeinterruptportf.o ABSOLUTE
    ..\inc\IRDistance.c                      0x00000000   Number         0  irdistance.o ABSOLUTE
    ..\inc\InputCapture.c                    0x00000000   Number         0  inputcapture.o ABSOLUTE
    ..\inc\LPF.c                             0x00000000   Number         0  lpf.o ABSOLUTE
    ..\inc\LaunchPad.c                       0x00000000   Number         0  launchpad.o ABSOLUTE
    ..\inc\PLL.c                             0x00000000   Number         0  pll.o ABSOLUTE
    ..\inc\PeriodicTimer.c                   0x00000000   Number         0  periodictimer.o ABSOLUTE
    ..\inc\Timer3A.c                         0x00000000   Number         0  timer3a.o ABSOLUTE
    cdrcmple.s                               0x00000000   Number         0  cdrcmple.o ABSOLUTE
    dc.s                                     0x00000000   Number         0  dc.o ABSOLUTE
    eFile.c                                  0x00000000   Number         0  efile.o ABSOLUTE
    ff.c                                     0x00000000   Number         0  ff.o ABSOLUTE
    grad_lab.c                               0x00000000   Number         0  grad_lab.o ABSOLUTE
    handlers.s                               0x00000000   Number         0  handlers.o ABSOLUTE
    init.s                                   0x00000000   Number         0  init.o ABSOLUTE
    startup.s                                0x00000000   Number         0  startup.o ABSOLUTE
    .ARM.Collect$$$$00000000                 0x00000284   Section        0  entry.o(.ARM.Collect$$$$00000000)
    .ARM.Collect$$$$00000001                 0x00000284   Section        4  entry2.o(.ARM.Collect$$$$00000001)
    .ARM.Collect$$$$00000004                 0x00000288   Section        4  entry5.o(.ARM.Collect$$$$00000004)
    .ARM.Collect$$$$00000008                 0x0000028c   Section        0  entry7b.o(.ARM.Collect$$$$00000008)
    .ARM.Collect$$$$0000000A                 0x0000028c   Section        0  entry8b.o(.ARM.Collect$$$$0000000A)
    .ARM.Collect$$$$0000000B                 0x0000028c   Section        8  entry9a.o(.ARM.Collect$$$$0000000B)
    .ARM.Collect$$$$0000000E                 0x00000294   Section        4  entry12b.o(.ARM.Collect$$$$0000000E)
    .ARM.Collect$$$$0000000F                 0x00000298   Section        0  entry10a.o(.ARM.Collect$$$$0000000F)
    .ARM.Collect$$$$00000011                 0x00000298   Section        0  entry11a.o(.ARM.Collect$$$$00000011)
    .ARM.Collect$$$$00002712                 0x00000298   Section        4  entry2.o(.ARM.Collect$$$$00002712)
    __lit__00000000                          0x00000298   Data           4  entry2.o(.ARM.Collect$$$$00002712)
    .text                                    0x0000029c   Section       28  startup.o(.text)
    .text                                    0x000002b8   Section       88  osasm.o(.text)
    .text                                    0x00000310   Section        0  rand.o(.text)
    .text                                    0x00000334   Section        0  uidiv.o(.text)
    .text                                    0x00000360   Section       36  init.o(.text)
    .text                                    0x00000384   Section        0  __dczerorl2.o(.text)
    i.ADC0Seq0_Handler                       0x000003dc   Section        0  adct0atrigger.o(i.ADC0Seq0_Handler)
    i.ADC0Seq3_Handler                       0x00000400   Section        0  adct0atrigger.o(i.ADC0Seq3_Handler)
    i.EdgeCounterPortF_Init                  0x0000041c   Section        0  edgeinterruptportf.o(i.EdgeCounterPortF_Init)
    i.OS_AddIdle                             0x00000504   Section        0  os.o(i.OS_AddIdle)
    i.OS_AddThread                           0x00000650   Section        0  os.o(i.OS_AddThread)
    i.OS_Init                                0x000007c0   Section        0  os.o(i.OS_Init)
    i.OS_Launch                              0x00000800   Section        0  os.o(i.OS_Launch)
    i.OS_Time                                0x0000086c   Section        0  os.o(i.OS_Time)
    i.OS_TimeDifference                      0x00000890   Section        0  os.o(i.OS_TimeDifference)
    i.OS_do_work                             0x00000898   Section        0  os.o(i.OS_do_work)
    i.OS_retire                              0x000008c4   Section        0  os.o(i.OS_retire)
    i.OS_scheduler                           0x0000090c   Section        0  os.o(i.OS_scheduler)
    i.PLL_Init                               0x00000ba8   Section        0  pll.o(i.PLL_Init)
    i.RxFifo_Init                            0x00000c24   Section        0  uart0int.o(i.RxFifo_Init)
    i.RxFifo_Put                             0x00000c38   Section        0  uart0int.o(i.RxFifo_Put)
    i.RxFifo_Size                            0x00000c74   Section        0  uart0int.o(i.RxFifo_Size)
    i.SysTick_Handler                        0x00000c8c   Section        0  os.o(i.SysTick_Handler)
    i.SysTick_Init                           0x00000cac   Section        0  os.o(i.SysTick_Init)
    i.Timer0A_Handler                        0x00000ce8   Section        0  inputcapture.o(i.Timer0A_Handler)
    i.Timer3A_Handler                        0x00000d00   Section        0  timer3a.o(i.Timer3A_Handler)
    i.TxFifo_Get                             0x00000d18   Section        0  uart0int.o(i.TxFifo_Get)
    i.TxFifo_Init                            0x00000d54   Section        0  uart0int.o(i.TxFifo_Init)
    i.TxFifo_Put                             0x00000d68   Section        0  uart0int.o(i.TxFifo_Put)
    i.TxFifo_Size                            0x00000da4   Section        0  uart0int.o(i.TxFifo_Size)
    i.UART0_Handler                          0x00000dbc   Section        0  uart0int.o(i.UART0_Handler)
    i.UART_Init                              0x00000e14   Section        0  uart0int.o(i.UART_Init)
    i.UART_OutChar                           0x00000edc   Section        0  uart0int.o(i.UART_OutChar)
    i.WideTimer0A_Handler                    0x00000f10   Section        0  periodictimer.o(i.WideTimer0A_Handler)
    i.WideTimer1A_Handler                    0x00000fa0   Section        0  periodictimer.o(i.WideTimer1A_Handler)
    i.WideTimer2A_Handler                    0x00001030   Section        0  periodictimer.o(i.WideTimer2A_Handler)
    i.WideTimer3A_Handler                    0x00001048   Section        0  periodictimer.o(i.WideTimer3A_Handler)
    i.WideTimer4A_Handler                    0x00001060   Section        0  periodictimer.o(i.WideTimer4A_Handler)
    i.WideTimer5A_Handler                    0x00001078   Section        0  periodictimer.o(i.WideTimer5A_Handler)
    i.__0printf$6                            0x00001090   Section        0  printf6.o(i.__0printf$6)
    i.__scatterload_copy                     0x000010b0   Section       14  handlers.o(i.__scatterload_copy)
    i.__scatterload_null                     0x000010be   Section        2  handlers.o(i.__scatterload_null)
    i.__scatterload_zeroinit                 0x000010c0   Section       14  handlers.o(i.__scatterload_zeroinit)
    i._printf_core                           0x000010d0   Section        0  printf6.o(i._printf_core)
    _printf_core                             0x000010d1   Thumb Code   748  printf6.o(i._printf_core)
    i._printf_post_padding                   0x000013c0   Section        0  printf6.o(i._printf_post_padding)
    _printf_post_padding                     0x000013c1   Thumb Code    36  printf6.o(i._printf_post_padding)
    i._printf_pre_padding                    0x000013e4   Section        0  printf6.o(i._printf_pre_padding)
    _printf_pre_padding                      0x000013e5   Thumb Code    46  printf6.o(i._printf_pre_padding)
    i.copyHardwareToSoftware                 0x00001414   Section        0  uart0int.o(i.copyHardwareToSoftware)
    copyHardwareToSoftware                   0x00001415   Thumb Code    40  uart0int.o(i.copyHardwareToSoftware)
    i.copySoftwareToHardware                 0x00001440   Section        0  uart0int.o(i.copySoftwareToHardware)
    copySoftwareToHardware                   0x00001441   Thumb Code    38  uart0int.o(i.copySoftwareToHardware)
    i.fputc                                  0x0000146c   Section        0  os.o(i.fputc)
    i.get_urgent_task                        0x0000147c   Section        0  os.o(i.get_urgent_task)
    i.idle_task                              0x000014d8   Section        0  grad_lab.o(i.idle_task)
    i.main                                   0x000014f0   Section        0  grad_lab.o(i.main)
    i.make_space                             0x000015a0   Section        0  os.o(i.make_space)
    i.task1                                  0x0000164c   Section        0  grad_lab.o(i.task1)
    i.task2                                  0x0000166c   Section        0  grad_lab.o(i.task2)
    i.task3                                  0x0000168c   Section        0  grad_lab.o(i.task3)
    i.task4                                  0x000016ac   Section        0  grad_lab.o(i.task4)
    i.task5                                  0x000016d8   Section        0  grad_lab.o(i.task5)
    i.task6                                  0x00001704   Section        0  grad_lab.o(i.task6)
    i.task7                                  0x00001730   Section        0  grad_lab.o(i.task7)
    .data                                    0x20000000   Section       48  os.o(.data)
    id                                       0x20000028   Data           4  os.o(.data)
    id                                       0x2000002c   Data           4  os.o(.data)
    .data                                    0x20000030   Section       16  uart0int.o(.data)
    .data                                    0x20000040   Section        8  adct0atrigger.o(.data)
    .data                                    0x20000048   Section        4  inputcapture.o(.data)
    .data                                    0x2000004c   Section       12  periodictimer.o(.data)
    .data                                    0x20000058   Section        8  timer3a.o(.data)
    .data                                    0x20000060   Section      196  grad_lab.o(.data)
    .data                                    0x20000124   Section        4  rand.o(.data)
    _rand_state                              0x20000124   Data           4  rand.o(.data)
    .data                                    0x20000128   Section        4  stdout.o(.data)
    .bss                                     0x2000012c   Section    27744  os.o(.bss)
    .bss                                     0x20006d8c   Section     2048  uart0int.o(.bss)
    RxFifo                                   0x20006d8c   Data        1024  uart0int.o(.bss)
    TxFifo                                   0x2000718c   Data        1024  uart0int.o(.bss)
    .bss                                     0x2000758c   Section       48  periodictimer.o(.bss)
    STACK                                    0x200075c0   Section     1024  startup.o(STACK)
    StackMem                                 0x200075c0   Data           0  startup.o(STACK)

    Global Symbols

    Symbol Name                              Value     Ov Type        Size  Object(Section)

    BuildAttributes$$THM_ISAv4$E$P$D$K$B$S$7EM$PE$A:L22UL41UL21$X:L11$S22US41US21$IEEE1$IW$USESV6$~STKCKD$USESV7$~SHL$OSPACE$ROPI$EBA8$MICROLIB$REQ8$PRES8$EABIv2 0x00000000   Number         0  anon$$obj.o ABSOLUTE
    __ARM_use_no_argv                        0x00000000   Number         0  grad_lab.o ABSOLUTE
    __Vectors                                0x00000000   Data           0  startup.o(RESET)
    _printf_a                                0x00000000   Number         0  stubs.o ABSOLUTE
    _printf_c                                0x00000000   Number         0  stubs.o ABSOLUTE
    _printf_charcount                        0x00000000   Number         0  stubs.o ABSOLUTE
    _printf_d                                0x00000000   Number         0  stubs.o ABSOLUTE
    _printf_e                                0x00000000   Number         0  stubs.o ABSOLUTE
    _printf_f                                0x00000000   Number         0  stubs.o ABSOLUTE
    _printf_flags                            0x00000000   Number         0  stubs.o ABSOLUTE
    _printf_fp_dec                           0x00000000   Number         0  stubs.o ABSOLUTE
    _printf_fp_hex                           0x00000000   Number         0  stubs.o ABSOLUTE
    _printf_g                                0x00000000   Number         0  stubs.o ABSOLUTE
    _printf_i                                0x00000000   Number         0  stubs.o ABSOLUTE
    _printf_int_dec                          0x00000000   Number         0  stubs.o ABSOLUTE
    _printf_l                                0x00000000   Number         0  stubs.o ABSOLUTE
    _printf_lc                               0x00000000   Number         0  stubs.o ABSOLUTE
    _printf_ll                               0x00000000   Number         0  stubs.o ABSOLUTE
    _printf_lld                              0x00000000   Number         0  stubs.o ABSOLUTE
    _printf_lli                              0x00000000   Number         0  stubs.o ABSOLUTE
    _printf_llo                              0x00000000   Number         0  stubs.o ABSOLUTE
    _printf_llu                              0x00000000   Number         0  stubs.o ABSOLUTE
    _printf_llx                              0x00000000   Number         0  stubs.o ABSOLUTE
    _printf_longlong_dec                     0x00000000   Number         0  stubs.o ABSOLUTE
    _printf_longlong_hex                     0x00000000   Number         0  stubs.o ABSOLUTE
    _printf_longlong_oct                     0x00000000   Number         0  stubs.o ABSOLUTE
    _printf_ls                               0x00000000   Number         0  stubs.o ABSOLUTE
    _printf_mbtowc                           0x00000000   Number         0  stubs.o ABSOLUTE
    _printf_n                                0x00000000   Number         0  stubs.o ABSOLUTE
    _printf_o                                0x00000000   Number         0  stubs.o ABSOLUTE
    _printf_p                                0x00000000   Number         0  stubs.o ABSOLUTE
    _printf_percent                          0x00000000   Number         0  stubs.o ABSOLUTE
    _printf_pre_padding                      0x00000000   Number         0  stubs.o ABSOLUTE
    _printf_return_value                     0x00000000   Number         0  stubs.o ABSOLUTE
    _printf_s                                0x00000000   Number         0  stubs.o ABSOLUTE
    _printf_sizespec                         0x00000000   Number         0  stubs.o ABSOLUTE
    _printf_str                              0x00000000   Number         0  stubs.o ABSOLUTE
    _printf_truncate_signed                  0x00000000   Number         0  stubs.o ABSOLUTE
    _printf_truncate_unsigned                0x00000000   Number         0  stubs.o ABSOLUTE
    _printf_u                                0x00000000   Number         0  stubs.o ABSOLUTE
    _printf_wc                               0x00000000   Number         0  stubs.o ABSOLUTE
    _printf_wctomb                           0x00000000   Number         0  stubs.o ABSOLUTE
    _printf_widthprec                        0x00000000   Number         0  stubs.o ABSOLUTE
    _printf_x                                0x00000000   Number         0  stubs.o ABSOLUTE
    __arm_fini_                               - Undefined Weak Reference
    __cpp_initialize__aeabi_                  - Undefined Weak Reference
    __cxa_finalize                            - Undefined Weak Reference
    _clock_init                               - Undefined Weak Reference
    _microlib_exit                            - Undefined Weak Reference
    _scanf_longlong                           - Undefined Weak Reference
    _scanf_real                               - Undefined Weak Reference
    Reset_Handler                            0x0000026d   Thumb Code     0  startup.o(RESET)
    NMI_Handler                              0x00000271   Thumb Code     2  startup.o(RESET)
    HardFault_Handler                        0x00000273   Thumb Code     2  startup.o(RESET)
    MemManage_Handler                        0x00000275   Thumb Code     2  startup.o(RESET)
    BusFault_Handler                         0x00000277   Thumb Code     2  startup.o(RESET)
    UsageFault_Handler                       0x00000279   Thumb Code     2  startup.o(RESET)
    SVC_Handler                              0x0000027b   Thumb Code     2  startup.o(RESET)
    DebugMon_Handler                         0x0000027d   Thumb Code     2  startup.o(RESET)
    ADC0Seq1_Handler                         0x00000283   Thumb Code     0  startup.o(RESET)
    ADC0Seq2_Handler                         0x00000283   Thumb Code     0  startup.o(RESET)
    ADC1Seq0_Handler                         0x00000283   Thumb Code     0  startup.o(RESET)
    ADC1Seq1_Handler                         0x00000283   Thumb Code     0  startup.o(RESET)
    ADC1Seq2_Handler                         0x00000283   Thumb Code     0  startup.o(RESET)
    ADC1Seq3_Handler                         0x00000283   Thumb Code     0  startup.o(RESET)
    CAN0_Handler                             0x00000283   Thumb Code     0  startup.o(RESET)
    CAN1_Handler                             0x00000283   Thumb Code     0  startup.o(RESET)
    CAN2_Handler                             0x00000283   Thumb Code     0  startup.o(RESET)
    Comp0_Handler                            0x00000283   Thumb Code     0  startup.o(RESET)
    Comp1_Handler                            0x00000283   Thumb Code     0  startup.o(RESET)
    Comp2_Handler                            0x00000283   Thumb Code     0  startup.o(RESET)
    Ethernet_Handler                         0x00000283   Thumb Code     0  startup.o(RESET)
    ExtBus_Handler                           0x00000283   Thumb Code     0  startup.o(RESET)
    FPU_Handler                              0x00000283   Thumb Code     0  startup.o(RESET)
    Fan0_Handler                             0x00000283   Thumb Code     0  startup.o(RESET)
    FlashCtl_Handler                         0x00000283   Thumb Code     0  startup.o(RESET)
    GPIOPortA_Handler                        0x00000283   Thumb Code     0  startup.o(RESET)
    GPIOPortB_Handler                        0x00000283   Thumb Code     0  startup.o(RESET)
    GPIOPortC_Handler                        0x00000283   Thumb Code     0  startup.o(RESET)
    GPIOPortD_Handler                        0x00000283   Thumb Code     0  startup.o(RESET)
    GPIOPortE_Handler                        0x00000283   Thumb Code     0  startup.o(RESET)
    GPIOPortF_Handler                        0x00000283   Thumb Code     0  startup.o(RESET)
    GPIOPortG_Handler                        0x00000283   Thumb Code     0  startup.o(RESET)
    GPIOPortH_Handler                        0x00000283   Thumb Code     0  startup.o(RESET)
    GPIOPortJ_Handler                        0x00000283   Thumb Code     0  startup.o(RESET)
    GPIOPortK_Handler                        0x00000283   Thumb Code     0  startup.o(RESET)
    GPIOPortL_Handler                        0x00000283   Thumb Code     0  startup.o(RESET)
    GPIOPortM_Handler                        0x00000283   Thumb Code     0  startup.o(RESET)
    GPIOPortN_Handler                        0x00000283   Thumb Code     0  startup.o(RESET)
    GPIOPortP1_Handler                       0x00000283   Thumb Code     0  startup.o(RESET)
    GPIOPortP2_Handler                       0x00000283   Thumb Code     0  startup.o(RESET)
    GPIOPortP3_Handler                       0x00000283   Thumb Code     0  startup.o(RESET)
    GPIOPortP4_Handler                       0x00000283   Thumb Code     0  startup.o(RESET)
    GPIOPortP5_Handler                       0x00000283   Thumb Code     0  startup.o(RESET)
    GPIOPortP6_Handler                       0x00000283   Thumb Code     0  startup.o(RESET)
    GPIOPortP7_Handler                       0x00000283   Thumb Code     0  startup.o(RESET)
    GPIOPortP_Handler                        0x00000283   Thumb Code     0  startup.o(RESET)
    GPIOPortQ1_Handler                       0x00000283   Thumb Code     0  startup.o(RESET)
    GPIOPortQ2_Handler                       0x00000283   Thumb Code     0  startup.o(RESET)
    GPIOPortQ3_Handler                       0x00000283   Thumb Code     0  startup.o(RESET)
    GPIOPortQ4_Handler                       0x00000283   Thumb Code     0  startup.o(RESET)
    GPIOPortQ5_Handler                       0x00000283   Thumb Code     0  startup.o(RESET)
    GPIOPortQ6_Handler                       0x00000283   Thumb Code     0  startup.o(RESET)
    GPIOPortQ7_Handler                       0x00000283   Thumb Code     0  startup.o(RESET)
    GPIOPortQ_Handler                        0x00000283   Thumb Code     0  startup.o(RESET)
    GPIOPortR_Handler                        0x00000283   Thumb Code     0  startup.o(RESET)
    GPIOPortS_Handler                        0x00000283   Thumb Code     0  startup.o(RESET)
    Hibernate_Handler                        0x00000283   Thumb Code     0  startup.o(RESET)
    I2C0_Handler                             0x00000283   Thumb Code     0  startup.o(RESET)
    I2C1_Handler                             0x00000283   Thumb Code     0  startup.o(RESET)
    I2C2_Handler                             0x00000283   Thumb Code     0  startup.o(RESET)
    I2C3_Handler                             0x00000283   Thumb Code     0  startup.o(RESET)
    I2C4_Handler                             0x00000283   Thumb Code     0  startup.o(RESET)
    I2C5_Handler                             0x00000283   Thumb Code     0  startup.o(RESET)
    I2S0_Handler                             0x00000283   Thumb Code     0  startup.o(RESET)
    LPC0_Handler                             0x00000283   Thumb Code     0  startup.o(RESET)
    PECI0_Handler                            0x00000283   Thumb Code     0  startup.o(RESET)
    PWM0Fault_Handler                        0x00000283   Thumb Code     0  startup.o(RESET)
    PWM0Generator0_Handler                   0x00000283   Thumb Code     0  startup.o(RESET)
    PWM0Generator1_Handler                   0x00000283   Thumb Code     0  startup.o(RESET)
    PWM0Generator2_Handler                   0x00000283   Thumb Code     0  startup.o(RESET)
    PWM0Generator3_Handler                   0x00000283   Thumb Code     0  startup.o(RESET)
    PWM1Fault_Handler                        0x00000283   Thumb Code     0  startup.o(RESET)
    PWM1Generator0_Handler                   0x00000283   Thumb Code     0  startup.o(RESET)
    PWM1Generator1_Handler                   0x00000283   Thumb Code     0  startup.o(RESET)
    PWM1Generator2_Handler                   0x00000283   Thumb Code     0  startup.o(RESET)
    PWM1Generator3_Handler                   0x00000283   Thumb Code     0  startup.o(RESET)
    Quadrature0_Handler                      0x00000283   Thumb Code     0  startup.o(RESET)
    Quadrature1_Handler                      0x00000283   Thumb Code     0  startup.o(RESET)
    Quadrature2_Handler                      0x00000283   Thumb Code     0  startup.o(RESET)
    SSI0_Handler                             0x00000283   Thumb Code     0  startup.o(RESET)
    SSI1_Handler                             0x00000283   Thumb Code     0  startup.o(RESET)
    SSI2_Handler                             0x00000283   Thumb Code     0  startup.o(RESET)
    SSI3_Handler                             0x00000283   Thumb Code     0  startup.o(RESET)
    SysCtl_Handler                           0x00000283   Thumb Code     0  startup.o(RESET)
    Timer0B_Handler                          0x00000283   Thumb Code     0  startup.o(RESET)
    Timer1A_Handler                          0x00000283   Thumb Code     0  startup.o(RESET)
    Timer1B_Handler                          0x00000283   Thumb Code     0  startup.o(RESET)
    Timer2A_Handler                          0x00000283   Thumb Code     0  startup.o(RESET)
    Timer2B_Handler                          0x00000283   Thumb Code     0  startup.o(RESET)
    Timer3B_Handler                          0x00000283   Thumb Code     0  startup.o(RESET)
    Timer4A_Handler                          0x00000283   Thumb Code     0  startup.o(RESET)
    Timer4B_Handler                          0x00000283   Thumb Code     0  startup.o(RESET)
    Timer5A_Handler                          0x00000283   Thumb Code     0  startup.o(RESET)
    Timer5B_Handler                          0x00000283   Thumb Code     0  startup.o(RESET)
    UART1_Handler                            0x00000283   Thumb Code     0  startup.o(RESET)
    UART2_Handler                            0x00000283   Thumb Code     0  startup.o(RESET)
    UART3_Handler                            0x00000283   Thumb Code     0  startup.o(RESET)
    UART4_Handler                            0x00000283   Thumb Code     0  startup.o(RESET)
    UART5_Handler                            0x00000283   Thumb Code     0  startup.o(RESET)
    UART6_Handler                            0x00000283   Thumb Code     0  startup.o(RESET)
    UART7_Handler                            0x00000283   Thumb Code     0  startup.o(RESET)
    USB0_Handler                             0x00000283   Thumb Code     0  startup.o(RESET)
    WDT_Handler                              0x00000283   Thumb Code     0  startup.o(RESET)
    WideTimer0B_Handler                      0x00000283   Thumb Code     0  startup.o(RESET)
    WideTimer1B_Handler                      0x00000283   Thumb Code     0  startup.o(RESET)
    WideTimer2B_Handler                      0x00000283   Thumb Code     0  startup.o(RESET)
    WideTimer3B_Handler                      0x00000283   Thumb Code     0  startup.o(RESET)
    WideTimer4B_Handler                      0x00000283   Thumb Code     0  startup.o(RESET)
    WideTimer5B_Handler                      0x00000283   Thumb Code     0  startup.o(RESET)
    uDMA_Error                               0x00000283   Thumb Code     0  startup.o(RESET)
    uDMA_Handler                             0x00000283   Thumb Code     0  startup.o(RESET)
    __main                                   0x00000285   Thumb Code     0  entry.o(.ARM.Collect$$$$00000000)
    _main_stk                                0x00000285   Thumb Code     0  entry2.o(.ARM.Collect$$$$00000001)
    _main_scatterload                        0x00000289   Thumb Code     0  entry5.o(.ARM.Collect$$$$00000004)
    __main_after_scatterload                 0x0000028d   Thumb Code     0  entry5.o(.ARM.Collect$$$$00000004)
    _main_clock                              0x0000028d   Thumb Code     0  entry7b.o(.ARM.Collect$$$$00000008)
    _main_cpp_init                           0x0000028d   Thumb Code     0  entry8b.o(.ARM.Collect$$$$0000000A)
    _main_init                               0x0000028d   Thumb Code     0  entry9a.o(.ARM.Collect$$$$0000000B)
    __rt_lib_shutdown_fini                   0x00000295   Thumb Code     0  entry12b.o(.ARM.Collect$$$$0000000E)
    __rt_final_cpp                           0x00000299   Thumb Code     0  entry10a.o(.ARM.Collect$$$$0000000F)
    __rt_final_exit                          0x00000299   Thumb Code     0  entry11a.o(.ARM.Collect$$$$00000011)
    DisableInterrupts                        0x0000029d   Thumb Code     0  startup.o(.text)
    EnableInterrupts                         0x000002a1   Thumb Code     0  startup.o(.text)
    StartCritical                            0x000002a5   Thumb Code     0  startup.o(.text)
    EndCritical                              0x000002ad   Thumb Code     0  startup.o(.text)
    WaitForInterrupt                         0x000002b3   Thumb Code     0  startup.o(.text)
    StartOS                                  0x000002b9   Thumb Code     0  osasm.o(.text)
    ContextSwitch                            0x000002db   Thumb Code     0  osasm.o(.text)
    PendSV_Handler                           0x000002e5   Thumb Code     0  osasm.o(.text)
    rand                                     0x00000311   Thumb Code    20  rand.o(.text)
    srand                                    0x00000325   Thumb Code     6  rand.o(.text)
    __aeabi_uidiv                            0x00000335   Thumb Code     0  uidiv.o(.text)
    __aeabi_uidivmod                         0x00000335   Thumb Code    44  uidiv.o(.text)
    __scatterload                            0x00000361   Thumb Code    28  init.o(.text)
    __scatterload_rt2                        0x00000361   Thumb Code     0  init.o(.text)
    __decompress                             0x00000385   Thumb Code     0  __dczerorl2.o(.text)
    __decompress1                            0x00000385   Thumb Code    86  __dczerorl2.o(.text)
    ADC0Seq0_Handler                         0x000003dd   Thumb Code    26  adct0atrigger.o(i.ADC0Seq0_Handler)
    ADC0Seq3_Handler                         0x00000401   Thumb Code    18  adct0atrigger.o(i.ADC0Seq3_Handler)
    EdgeCounterPortF_Init                    0x0000041d   Thumb Code   206  edgeinterruptportf.o(i.EdgeCounterPortF_Init)
    OS_AddIdle                               0x00000505   Thumb Code   306  os.o(i.OS_AddIdle)
    OS_AddThread                             0x00000651   Thumb Code   344  os.o(i.OS_AddThread)
    OS_Init                                  0x000007c1   Thumb Code    48  os.o(i.OS_Init)
    OS_Launch                                0x00000801   Thumb Code   100  os.o(i.OS_Launch)
    OS_Time                                  0x0000086d   Thumb Code    30  os.o(i.OS_Time)
    OS_TimeDifference                        0x00000891   Thumb Code     6  os.o(i.OS_TimeDifference)
    OS_do_work                               0x00000899   Thumb Code    38  os.o(i.OS_do_work)
    OS_retire                                0x000008c5   Thumb Code    64  os.o(i.OS_retire)
    OS_scheduler                             0x0000090d   Thumb Code   562  os.o(i.OS_scheduler)
    PLL_Init                                 0x00000ba9   Thumb Code   120  pll.o(i.PLL_Init)
    RxFifo_Init                              0x00000c25   Thumb Code    12  uart0int.o(i.RxFifo_Init)
    RxFifo_Put                               0x00000c39   Thumb Code    48  uart0int.o(i.RxFifo_Put)
    RxFifo_Size                              0x00000c75   Thumb Code    14  uart0int.o(i.RxFifo_Size)
    SysTick_Handler                          0x00000c8d   Thumb Code    26  os.o(i.SysTick_Handler)
    SysTick_Init                             0x00000cad   Thumb Code    54  os.o(i.SysTick_Init)
    Timer0A_Handler                          0x00000ce9   Thumb Code    16  inputcapture.o(i.Timer0A_Handler)
    Timer3A_Handler                          0x00000d01   Thumb Code    16  timer3a.o(i.Timer3A_Handler)
    TxFifo_Get                               0x00000d19   Thumb Code    46  uart0int.o(i.TxFifo_Get)
    TxFifo_Init                              0x00000d55   Thumb Code    12  uart0int.o(i.TxFifo_Init)
    TxFifo_Put                               0x00000d69   Thumb Code    48  uart0int.o(i.TxFifo_Put)
    TxFifo_Size                              0x00000da5   Thumb Code    14  uart0int.o(i.TxFifo_Size)
    UART0_Handler                            0x00000dbd   Thumb Code    82  uart0int.o(i.UART0_Handler)
    UART_Init                                0x00000e15   Thumb Code   174  uart0int.o(i.UART_Init)
    UART_OutChar                             0x00000edd   Thumb Code    46  uart0int.o(i.UART_OutChar)
    WideTimer0A_Handler                      0x00000f11   Thumb Code   110  periodictimer.o(i.WideTimer0A_Handler)
    WideTimer1A_Handler                      0x00000fa1   Thumb Code   110  periodictimer.o(i.WideTimer1A_Handler)
    WideTimer2A_Handler                      0x00001031   Thumb Code    16  periodictimer.o(i.WideTimer2A_Handler)
    WideTimer3A_Handler                      0x00001049   Thumb Code    16  periodictimer.o(i.WideTimer3A_Handler)
    WideTimer4A_Handler                      0x00001061   Thumb Code    16  periodictimer.o(i.WideTimer4A_Handler)
    WideTimer5A_Handler                      0x00001079   Thumb Code    16  periodictimer.o(i.WideTimer5A_Handler)
    __0printf$6                              0x00001091   Thumb Code    22  printf6.o(i.__0printf$6)
    __1printf$6                              0x00001091   Thumb Code     0  printf6.o(i.__0printf$6)
    __2printf                                0x00001091   Thumb Code     0  printf6.o(i.__0printf$6)
    __scatterload_copy                       0x000010b1   Thumb Code    14  handlers.o(i.__scatterload_copy)
    __scatterload_null                       0x000010bf   Thumb Code     2  handlers.o(i.__scatterload_null)
    __scatterload_zeroinit                   0x000010c1   Thumb Code    14  handlers.o(i.__scatterload_zeroinit)
    fputc                                    0x0000146d   Thumb Code    16  os.o(i.fputc)
    get_urgent_task                          0x0000147d   Thumb Code    88  os.o(i.get_urgent_task)
    idle_task                                0x000014d9   Thumb Code    14  grad_lab.o(i.idle_task)
    main                                     0x000014f1   Thumb Code   126  grad_lab.o(i.main)
    make_space                               0x000015a1   Thumb Code   168  os.o(i.make_space)
    task1                                    0x0000164d   Thumb Code    24  grad_lab.o(i.task1)
    task2                                    0x0000166d   Thumb Code    24  grad_lab.o(i.task2)
    task3                                    0x0000168d   Thumb Code    24  grad_lab.o(i.task3)
    task4                                    0x000016ad   Thumb Code    34  grad_lab.o(i.task4)
    task5                                    0x000016d9   Thumb Code    34  grad_lab.o(i.task5)
    task6                                    0x00001705   Thumb Code    34  grad_lab.o(i.task6)
    task7                                    0x00001731   Thumb Code    34  grad_lab.o(i.task7)
    Region$$Table$$Base                      0x0000175c   Number         0  anon$$obj.o(Region$$Table)
    Region$$Table$$Limit                     0x0000177c   Number         0  anon$$obj.o(Region$$Table)
    MaxJitter                                0x20000000   Data           4  os.o(.data)
    MaxDisableInterruptTime                  0x20000004   Data           4  os.o(.data)
    MaxJitter0                               0x20000008   Data           4  os.o(.data)
    MaxJitter1                               0x2000000c   Data           4  os.o(.data)
    IdleTCB                                  0x20000010   Data           4  os.o(.data)
    RunTCB                                   0x20000014   Data           4  os.o(.data)
    alive_TCB                                0x20000018   Data           1  os.o(.data)
    awake_TCB                                0x20000019   Data           1  os.o(.data)
    cur_slot                                 0x2000001a   Data           2  os.o(.data)
    next_interval                            0x2000001c   Data           2  os.o(.data)
    cur_interval_index                       0x2000001e   Data           1  os.o(.data)
    OS_cycles                                0x20000020   Data           4  os.o(.data)
    count                                    0x20000024   Data           4  os.o(.data)
    RxPutI                                   0x20000030   Data           4  uart0int.o(.data)
    RxGetI                                   0x20000034   Data           4  uart0int.o(.data)
    TxPutI                                   0x20000038   Data           4  uart0int.o(.data)
    TxGetI                                   0x2000003c   Data           4  uart0int.o(.data)
    ADCTask                                  0x20000040   Data           4  adct0atrigger.o(.data)
    PD3data                                  0x20000044   Data           4  adct0atrigger.o(.data)
    PeriodicTask                             0x20000048   Data           4  inputcapture.o(.data)
    period0                                  0x2000004c   Data           4  periodictimer.o(.data)
    period1                                  0x20000050   Data           4  periodictimer.o(.data)
    numSamples                               0x20000054   Data           4  periodictimer.o(.data)
    PeriodicTask3                            0x20000058   Data           4  timer3a.o(.data)
    running                                  0x2000005c   Data           4  timer3a.o(.data)
    schedule                                 0x20000060   Data         196  grad_lab.o(.data)
    __stdout                                 0x20000128   Data           4  stdout.o(.data)
    JitterHistogram                          0x2000012c   Data         256  os.o(.bss)
    periodicJitters                          0x2000022c   Data        2400  os.o(.bss)
    SleepTCB                                 0x20000b8c   Data         128  os.o(.bss)
    TCB_pool                                 0x20000c0c   Data         384  os.o(.bss)
    stack_pool                               0x20000d8c   Data       24576  os.o(.bss)
    periodicDrivers                          0x2000758c   Data          24  periodictimer.o(.bss)
    lastTimes                                0x200075a4   Data          24  periodictimer.o(.bss)
    __initial_sp                             0x200079c0   Data           0  startup.o(STACK)



==============================================================================

Memory Map of the image

  Image Entry point : 0x0000026d

  Load Region LR_1 (Base: 0x00000000, Size: 0x000018a8, Max: 0xffffffff, ABSOLUTE, COMPRESSED[0x00001798])

    Execution Region ER_RO (Exec base: 0x00000000, Load base: 0x00000000, Size: 0x0000177c, Max: 0xffffffff, ABSOLUTE)

    Exec Addr    Load Addr    Size         Type   Attr      Idx    E Section Name        Object

    0x00000000   0x00000000   0x00000284   Code   RO            3  * RESET               startup.o
    0x00000284   0x00000284   0x00000000   Code   RO         1625  * .ARM.Collect$$$$00000000  mc_w.l(entry.o)
    0x00000284   0x00000284   0x00000004   Code   RO         1914    .ARM.Collect$$$$00000001  mc_w.l(entry2.o)
    0x00000288   0x00000288   0x00000004   Code   RO         1917    .ARM.Collect$$$$00000004  mc_w.l(entry5.o)
    0x0000028c   0x0000028c   0x00000000   Code   RO         1919    .ARM.Collect$$$$00000008  mc_w.l(entry7b.o)
    0x0000028c   0x0000028c   0x00000000   Code   RO         1921    .ARM.Collect$$$$0000000A  mc_w.l(entry8b.o)
    0x0000028c   0x0000028c   0x00000008   Code   RO         1922    .ARM.Collect$$$$0000000B  mc_w.l(entry9a.o)
    0x00000294   0x00000294   0x00000004   Code   RO         1929    .ARM.Collect$$$$0000000E  mc_w.l(entry12b.o)
    0x00000298   0x00000298   0x00000000   Code   RO         1924    .ARM.Collect$$$$0000000F  mc_w.l(entry10a.o)
    0x00000298   0x00000298   0x00000000   Code   RO         1926    .ARM.Collect$$$$00000011  mc_w.l(entry11a.o)
    0x00000298   0x00000298   0x00000004   Code   RO         1915    .ARM.Collect$$$$00002712  mc_w.l(entry2.o)
    0x0000029c   0x0000029c   0x0000001c   Code   RO            4    .text               startup.o
    0x000002b8   0x000002b8   0x00000058   Code   RO         1010    .text               osasm.o
    0x00000310   0x00000310   0x00000024   Code   RO         1628    .text               mc_w.l(rand.o)
    0x00000334   0x00000334   0x0000002c   Code   RO         1932    .text               mc_w.l(uidiv.o)
    0x00000360   0x00000360   0x00000024   Code   RO         1955    .text               mc_w.l(init.o)
    0x00000384   0x00000384   0x00000056   Code   RO         1985    .text               mc_w.l(__dczerorl2.o)
    0x000003da   0x000003da   0x00000002   PAD
    0x000003dc   0x000003dc   0x00000024   Code   RO         1013    i.ADC0Seq0_Handler  adct0atrigger.o
    0x00000400   0x00000400   0x0000001c   Code   RO         1014    i.ADC0Seq3_Handler  adct0atrigger.o
    0x0000041c   0x0000041c   0x000000e8   Code   RO         1510    i.EdgeCounterPortF_Init  edgeinterruptportf.o
    0x00000504   0x00000504   0x0000014c   Code   RO           81    i.OS_AddIdle        os.o
    0x00000650   0x00000650   0x00000170   Code   RO           82    i.OS_AddThread      os.o
    0x000007c0   0x000007c0   0x00000040   Code   RO           85    i.OS_Init           os.o
    0x00000800   0x00000800   0x0000006c   Code   RO           87    i.OS_Launch         os.o
    0x0000086c   0x0000086c   0x00000024   Code   RO           89    i.OS_Time           os.o
    0x00000890   0x00000890   0x00000006   Code   RO           90    i.OS_TimeDifference  os.o
    0x00000896   0x00000896   0x00000002   PAD
    0x00000898   0x00000898   0x0000002c   Code   RO           91    i.OS_do_work        os.o
    0x000008c4   0x000008c4   0x00000048   Code   RO           92    i.OS_retire         os.o
    0x0000090c   0x0000090c   0x0000029c   Code   RO           93    i.OS_scheduler      os.o
    0x00000ba8   0x00000ba8   0x0000007c   Code   RO           66    i.PLL_Init          pll.o
    0x00000c24   0x00000c24   0x00000014   Code   RO          310    i.RxFifo_Init       uart0int.o
    0x00000c38   0x00000c38   0x0000003c   Code   RO          311    i.RxFifo_Put        uart0int.o
    0x00000c74   0x00000c74   0x00000018   Code   RO          312    i.RxFifo_Size       uart0int.o
    0x00000c8c   0x00000c8c   0x00000020   Code   RO           94    i.SysTick_Handler   os.o
    0x00000cac   0x00000cac   0x0000003c   Code   RO           95    i.SysTick_Init      os.o
    0x00000ce8   0x00000ce8   0x00000018   Code   RO         1378    i.Timer0A_Handler   inputcapture.o
    0x00000d00   0x00000d00   0x00000018   Code   RO         1465    i.Timer3A_Handler   timer3a.o
    0x00000d18   0x00000d18   0x0000003c   Code   RO          313    i.TxFifo_Get        uart0int.o
    0x00000d54   0x00000d54   0x00000014   Code   RO          314    i.TxFifo_Init       uart0int.o
    0x00000d68   0x00000d68   0x0000003c   Code   RO          315    i.TxFifo_Put        uart0int.o
    0x00000da4   0x00000da4   0x00000018   Code   RO          316    i.TxFifo_Size       uart0int.o
    0x00000dbc   0x00000dbc   0x00000058   Code   RO          317    i.UART0_Handler     uart0int.o
    0x00000e14   0x00000e14   0x000000c8   Code   RO          324    i.UART_Init         uart0int.o
    0x00000edc   0x00000edc   0x00000034   Code   RO          325    i.UART_OutChar      uart0int.o
    0x00000f10   0x00000f10   0x00000090   Code   RO         1399    i.WideTimer0A_Handler  periodictimer.o
    0x00000fa0   0x00000fa0   0x00000090   Code   RO         1400    i.WideTimer1A_Handler  periodictimer.o
    0x00001030   0x00001030   0x00000018   Code   RO         1401    i.WideTimer2A_Handler  periodictimer.o
    0x00001048   0x00001048   0x00000018   Code   RO         1402    i.WideTimer3A_Handler  periodictimer.o
    0x00001060   0x00001060   0x00000018   Code   RO         1403    i.WideTimer4A_Handler  periodictimer.o
    0x00001078   0x00001078   0x00000018   Code   RO         1404    i.WideTimer5A_Handler  periodictimer.o
    0x00001090   0x00001090   0x00000020   Code   RO         1800    i.__0printf$6       mc_w.l(printf6.o)
    0x000010b0   0x000010b0   0x0000000e   Code   RO         1979    i.__scatterload_copy  mc_w.l(handlers.o)
    0x000010be   0x000010be   0x00000002   Code   RO         1980    i.__scatterload_null  mc_w.l(handlers.o)
    0x000010c0   0x000010c0   0x0000000e   Code   RO         1981    i.__scatterload_zeroinit  mc_w.l(handlers.o)
    0x000010ce   0x000010ce   0x00000002   PAD
    0x000010d0   0x000010d0   0x000002f0   Code   RO         1807    i._printf_core      mc_w.l(printf6.o)
    0x000013c0   0x000013c0   0x00000024   Code   RO         1808    i._printf_post_padding  mc_w.l(printf6.o)
    0x000013e4   0x000013e4   0x0000002e   Code   RO         1809    i._printf_pre_padding  mc_w.l(printf6.o)
    0x00001412   0x00001412   0x00000002   PAD
    0x00001414   0x00001414   0x0000002c   Code   RO          331    i.copyHardwareToSoftware  uart0int.o
    0x00001440   0x00001440   0x0000002c   Code   RO          332    i.copySoftwareToHardware  uart0int.o
    0x0000146c   0x0000146c   0x00000010   Code   RO           97    i.fputc             os.o
    0x0000147c   0x0000147c   0x0000005c   Code   RO           99    i.get_urgent_task   os.o
    0x000014d8   0x000014d8   0x00000018   Code   RO         1525    i.idle_task         grad_lab.o
    0x000014f0   0x000014f0   0x000000b0   Code   RO         1526    i.main              grad_lab.o
    0x000015a0   0x000015a0   0x000000ac   Code   RO          100    i.make_space        os.o
    0x0000164c   0x0000164c   0x00000020   Code   RO         1527    i.task1             grad_lab.o
    0x0000166c   0x0000166c   0x00000020   Code   RO         1528    i.task2             grad_lab.o
    0x0000168c   0x0000168c   0x00000020   Code   RO         1529    i.task3             grad_lab.o
    0x000016ac   0x000016ac   0x0000002c   Code   RO         1530    i.task4             grad_lab.o
    0x000016d8   0x000016d8   0x0000002c   Code   RO         1531    i.task5             grad_lab.o
    0x00001704   0x00001704   0x0000002c   Code   RO         1532    i.task6             grad_lab.o
    0x00001730   0x00001730   0x0000002c   Code   RO         1533    i.task7             grad_lab.o
    0x0000175c   0x0000175c   0x00000020   Data   RO         1977    Region$$Table       anon$$obj.o


    Execution Region ER_RW (Exec base: 0x20000000, Load base: 0x0000177c, Size: 0x0000012c, Max: 0xffffffff, ABSOLUTE, COMPRESSED[0x0000001c])

    Exec Addr    Load Addr    Size         Type   Attr      Idx    E Section Name        Object

    0x20000000   COMPRESSED   0x00000030   Data   RW          103    .data               os.o
    0x20000030   COMPRESSED   0x00000010   Data   RW          334    .data               uart0int.o
    0x20000040   COMPRESSED   0x00000008   Data   RW         1018    .data               adct0atrigger.o
    0x20000048   COMPRESSED   0x00000004   Data   RW         1380    .data               inputcapture.o
    0x2000004c   COMPRESSED   0x0000000c   Data   RW         1408    .data               periodictimer.o
    0x20000058   COMPRESSED   0x00000008   Data   RW         1468    .data               timer3a.o
    0x20000060   COMPRESSED   0x000000c4   Data   RW         1534    .data               grad_lab.o
    0x20000124   COMPRESSED   0x00000004   Data   RW         1629    .data               mc_w.l(rand.o)
    0x20000128   COMPRESSED   0x00000004   Data   RW         1931    .data               mc_w.l(stdout.o)


    Execution Region ER_ZI (Exec base: 0x2000012c, Load base: 0x00001798, Size: 0x00007894, Max: 0xffffffff, ABSOLUTE)

    Exec Addr    Load Addr    Size         Type   Attr      Idx    E Section Name        Object

    0x2000012c        -       0x00006c60   Zero   RW          101    .bss                os.o
    0x20006d8c        -       0x00000800   Zero   RW          333    .bss                uart0int.o
    0x2000758c        -       0x00000030   Zero   RW         1407    .bss                periodictimer.o
    0x200075bc   0x00001798   0x00000004   PAD
    0x200075c0        -       0x00000400   Zero   RW            1    STACK               startup.o


==============================================================================

Image component sizes


      Code (inc. data)   RO Data    RW Data    ZI Data      Debug   Object Name

        64         20          0          8          0       2572   adct0atrigger.o
       232         26          0          0          0        556   edgeinterruptportf.o
       472        124          0        196          0       5751   grad_lab.o
        24          8          0          4          0       1453   inputcapture.o
         0          0          0          0          0       4508   launchpad.o
      2070        220          0         48      27744      14514   os.o
        88          8          0          0          0        336   osasm.o
       384        100          0         12         48       4865   periodictimer.o
       124          4          0          0          0        515   pll.o
       672        622          0          0       1024       1076   startup.o
        24          8          0          8          0       1178   timer3a.o
       696        122          0         16       2048       8056   uart0int.o

    ----------------------------------------------------------------------
      4852       1262         32        292      30868      45380   Object Totals
         0          0         32          0          0          0   (incl. Generated)
         2          0          0          0          4          0   (incl. Padding)

    ----------------------------------------------------------------------

      Code (inc. data)   RO Data    RW Data    ZI Data      Debug   Library Member Name

        86          0          0          0          0          0   __dczerorl2.o
         0          0          0          0          0          0   entry.o
         0          0          0          0          0          0   entry10a.o
         0          0          0          0          0          0   entry11a.o
         4          0          0          0          0          0   entry12b.o
         8          4          0          0          0          0   entry2.o
         4          0          0          0          0          0   entry5.o
         0          0          0          0          0          0   entry7b.o
         0          0          0          0          0          0   entry8b.o
         8          4          0          0          0          0   entry9a.o
        30          0          0          0          0          0   handlers.o
        36          8          0          0          0         68   init.o
       866         14          0          0          0        352   printf6.o
        36         10          0          4          0        136   rand.o
         0          0          0          4          0          0   stdout.o
        44          0          0          0          0         80   uidiv.o

    ----------------------------------------------------------------------
      1128         40          0          8          0        636   Library Totals
         6          0          0          0          0          0   (incl. Padding)

    ----------------------------------------------------------------------

      Code (inc. data)   RO Data    RW Data    ZI Data      Debug   Library Name

      1122         40          0          8          0        636   mc_w.l

    ----------------------------------------------------------------------
      1128         40          0          8          0        636   Library Totals

    ----------------------------------------------------------------------

==============================================================================


      Code (inc. data)   RO Data    RW Data    ZI Data      Debug   

      5980       1302         32        300      30868      43752   Grand Totals
      5980       1302         32         28      30868      43752   ELF Image Totals (compressed)
      5980       1302         32         28          0          0   ROM Totals

==============================================================================

    Total RO  Size (Code + RO Data)                 6012 (   5.87kB)
    Total RW  Size (RW Data + ZI Data)             31168 (  30.44kB)
    Total ROM Size (Code + RO Data + RW Data)       6040 (   5.90kB)

==============================================================================

